25-Mar-2024 00:39:23.221 경고 [http-nio-8855-exec-100] org.apache.catalina.realm.LockOutRealm.filterLockedAccounts An attempt was made to authenticate the locked user "manager"
25-Mar-2024 00:39:23.230 경고 [http-nio-8855-exec-95] org.apache.catalina.realm.LockOutRealm.filterLockedAccounts An attempt was made to authenticate the locked user "manager"
25-Mar-2024 01:21:57.650 경고 [http-nio-8855-exec-91] org.apache.catalina.realm.LockOutRealm.filterLockedAccounts An attempt was made to authenticate the locked user "manager"
25-Mar-2024 01:21:57.701 경고 [http-nio-8855-exec-97] org.apache.catalina.realm.LockOutRealm.filterLockedAccounts An attempt was made to authenticate the locked user "manager"
25-Mar-2024 01:49:27.538 경고 [http-nio-8855-exec-93] org.apache.catalina.realm.LockOutRealm.filterLockedAccounts An attempt was made to authenticate the locked user "manager"
25-Mar-2024 01:49:27.539 경고 [http-nio-8855-exec-92] org.apache.catalina.realm.LockOutRealm.filterLockedAccounts An attempt was made to authenticate the locked user "manager"
25-Mar-2024 02:43:47.223 경고 [http-nio-8855-exec-94] org.apache.catalina.realm.LockOutRealm.filterLockedAccounts An attempt was made to authenticate the locked user "manager"
25-Mar-2024 02:43:47.245 경고 [http-nio-8855-exec-98] org.apache.catalina.realm.LockOutRealm.filterLockedAccounts An attempt was made to authenticate the locked user "manager"
25-Mar-2024 03:10:18.498 경고 [http-nio-8855-exec-96] org.apache.catalina.realm.LockOutRealm.filterLockedAccounts An attempt was made to authenticate the locked user "manager"
25-Mar-2024 03:10:18.512 경고 [http-nio-8855-exec-99] org.apache.catalina.realm.LockOutRealm.filterLockedAccounts An attempt was made to authenticate the locked user "manager"
25-Mar-2024 03:37:25.023 경고 [http-nio-8855-exec-100] org.apache.catalina.realm.LockOutRealm.filterLockedAccounts An attempt was made to authenticate the locked user "manager"
25-Mar-2024 03:37:25.028 경고 [http-nio-8855-exec-95] org.apache.catalina.realm.LockOutRealm.filterLockedAccounts An attempt was made to authenticate the locked user "manager"
25-Mar-2024 04:03:58.078 경고 [http-nio-8855-exec-91] org.apache.catalina.realm.LockOutRealm.filterLockedAccounts An attempt was made to authenticate the locked user "manager"
25-Mar-2024 04:03:58.472 경고 [http-nio-8855-exec-97] org.apache.catalina.realm.LockOutRealm.filterLockedAccounts An attempt was made to authenticate the locked user "manager"
25-Mar-2024 04:56:40.970 경고 [http-nio-8855-exec-93] org.apache.catalina.realm.LockOutRealm.filterLockedAccounts An attempt was made to authenticate the locked user "manager"
25-Mar-2024 04:56:40.979 경고 [http-nio-8855-exec-92] org.apache.catalina.realm.LockOutRealm.filterLockedAccounts An attempt was made to authenticate the locked user "manager"
25-Mar-2024 05:22:53.736 경고 [http-nio-8855-exec-94] org.apache.catalina.realm.LockOutRealm.filterLockedAccounts An attempt was made to authenticate the locked user "manager"
25-Mar-2024 05:22:54.163 경고 [http-nio-8855-exec-98] org.apache.catalina.realm.LockOutRealm.filterLockedAccounts An attempt was made to authenticate the locked user "manager"
25-Mar-2024 06:02:39.860 경고 [http-nio-8855-exec-96] org.apache.catalina.realm.LockOutRealm.filterLockedAccounts An attempt was made to authenticate the locked user "both"
25-Mar-2024 06:02:40.168 경고 [http-nio-8855-exec-99] org.apache.catalina.realm.LockOutRealm.filterLockedAccounts An attempt was made to authenticate the locked user "both"
25-Mar-2024 06:56:32.885 경고 [http-nio-8855-exec-92] org.apache.catalina.realm.LockOutRealm.filterLockedAccounts An attempt was made to authenticate the locked user "both"
25-Mar-2024 06:56:32.890 경고 [http-nio-8855-exec-96] org.apache.catalina.realm.LockOutRealm.filterLockedAccounts An attempt was made to authenticate the locked user "both"
25-Mar-2024 08:16:11.097 경고 [http-nio-8855-exec-100] org.apache.catalina.realm.LockOutRealm.filterLockedAccounts An attempt was made to authenticate the locked user "both"
25-Mar-2024 08:16:11.163 경고 [http-nio-8855-exec-95] org.apache.catalina.realm.LockOutRealm.filterLockedAccounts An attempt was made to authenticate the locked user "both"
25-Mar-2024 09:35:41.821 경고 [http-nio-8855-exec-91] org.apache.catalina.realm.LockOutRealm.filterLockedAccounts An attempt was made to authenticate the locked user "both"
25-Mar-2024 09:35:41.850 경고 [http-nio-8855-exec-96] org.apache.catalina.realm.LockOutRealm.filterLockedAccounts An attempt was made to authenticate the locked user "both"
25-Mar-2024 10:02:24.778 경고 [http-nio-8855-exec-91] org.apache.catalina.realm.LockOutRealm.filterLockedAccounts An attempt was made to authenticate the locked user "both"
25-Mar-2024 10:02:25.151 경고 [http-nio-8855-exec-100] org.apache.catalina.realm.LockOutRealm.filterLockedAccounts An attempt was made to authenticate the locked user "both"
25-Mar-2024 10:29:14.554 경고 [http-nio-8855-exec-99] org.apache.catalina.realm.LockOutRealm.filterLockedAccounts An attempt was made to authenticate the locked user "both"
25-Mar-2024 10:29:14.573 경고 [http-nio-8855-exec-92] org.apache.catalina.realm.LockOutRealm.filterLockedAccounts An attempt was made to authenticate the locked user "both"
25-Mar-2024 11:09:19.513 경고 [http-nio-8855-exec-98] org.apache.catalina.realm.LockOutRealm.filterLockedAccounts An attempt was made to authenticate the locked user "both"
25-Mar-2024 11:09:19.532 경고 [http-nio-8855-exec-91] org.apache.catalina.realm.LockOutRealm.filterLockedAccounts An attempt was made to authenticate the locked user "both"
25-Mar-2024 11:36:12.800 경고 [http-nio-8855-exec-96] org.apache.catalina.realm.LockOutRealm.filterLockedAccounts An attempt was made to authenticate the locked user "both"
25-Mar-2024 11:36:12.812 경고 [http-nio-8855-exec-93] org.apache.catalina.realm.LockOutRealm.filterLockedAccounts An attempt was made to authenticate the locked user "both"
25-Mar-2024 12:16:04.354 경고 [http-nio-8855-exec-100] org.apache.catalina.realm.LockOutRealm.filterLockedAccounts An attempt was made to authenticate the locked user "both"
25-Mar-2024 12:16:04.360 경고 [http-nio-8855-exec-95] org.apache.catalina.realm.LockOutRealm.filterLockedAccounts An attempt was made to authenticate the locked user "both"
25-Mar-2024 12:43:00.536 경고 [http-nio-8855-exec-97] org.apache.catalina.realm.LockOutRealm.filterLockedAccounts An attempt was made to authenticate the locked user "both"
25-Mar-2024 12:43:00.686 경고 [http-nio-8855-exec-99] org.apache.catalina.realm.LockOutRealm.filterLockedAccounts An attempt was made to authenticate the locked user "both"
25-Mar-2024 13:21:44.381 경고 [http-nio-8855-exec-95] org.apache.catalina.realm.LockOutRealm.filterLockedAccounts An attempt was made to authenticate the locked user "both"
25-Mar-2024 13:21:44.595 경고 [http-nio-8855-exec-100] org.apache.catalina.realm.LockOutRealm.filterLockedAccounts An attempt was made to authenticate the locked user "both"
25-Mar-2024 14:00:48.841 경고 [http-nio-8855-exec-96] org.apache.catalina.realm.LockOutRealm.filterLockedAccounts An attempt was made to authenticate the locked user "guacadmin"
25-Mar-2024 14:00:49.169 경고 [http-nio-8855-exec-97] org.apache.catalina.realm.LockOutRealm.filterLockedAccounts An attempt was made to authenticate the locked user "guacadmin"
25-Mar-2024 14:26:17.215 경고 [http-nio-8855-exec-96] org.apache.catalina.realm.LockOutRealm.filterLockedAccounts An attempt was made to authenticate the locked user "role1"
25-Mar-2024 14:26:17.660 경고 [http-nio-8855-exec-97] org.apache.catalina.realm.LockOutRealm.filterLockedAccounts An attempt was made to authenticate the locked user "role1"
25-Mar-2024 14:39:10.382 경고 [http-nio-8855-exec-98] org.apache.catalina.realm.LockOutRealm.filterLockedAccounts An attempt was made to authenticate the locked user "role"
25-Mar-2024 14:39:10.659 경고 [http-nio-8855-exec-94] org.apache.catalina.realm.LockOutRealm.filterLockedAccounts An attempt was made to authenticate the locked user "role"
25-Mar-2024 15:30:41.911 경고 [http-nio-8855-exec-91] org.apache.catalina.realm.LockOutRealm.filterLockedAccounts An attempt was made to authenticate the locked user "admin"
25-Mar-2024 15:30:42.364 경고 [http-nio-8855-exec-100] org.apache.catalina.realm.LockOutRealm.filterLockedAccounts An attempt was made to authenticate the locked user "admin"
25-Mar-2024 15:44:13.661 경고 [http-nio-8855-exec-93] org.apache.catalina.realm.LockOutRealm.filterLockedAccounts An attempt was made to authenticate the locked user "cxsdk"
25-Mar-2024 15:44:13.666 경고 [http-nio-8855-exec-95] org.apache.catalina.realm.LockOutRealm.filterLockedAccounts An attempt was made to authenticate the locked user "cxsdk"
25-Mar-2024 17:28:56.493 경고 [http-nio-8855-exec-91] org.apache.catalina.realm.LockOutRealm.filterLockedAccounts An attempt was made to authenticate the locked user "j2deployer"
25-Mar-2024 17:28:56.764 경고 [http-nio-8855-exec-100] org.apache.catalina.realm.LockOutRealm.filterLockedAccounts An attempt was made to authenticate the locked user "j2deployer"
25-Mar-2024 18:08:47.209 경고 [http-nio-8855-exec-91] org.apache.catalina.realm.LockOutRealm.filterLockedAccounts An attempt was made to authenticate the locked user "root"
25-Mar-2024 18:08:47.507 경고 [http-nio-8855-exec-100] org.apache.catalina.realm.LockOutRealm.filterLockedAccounts An attempt was made to authenticate the locked user "root"
25-Mar-2024 21:54:41.823 경고 [http-nio-8855-exec-95] org.apache.catalina.realm.LockOutRealm.filterLockedAccounts An attempt was made to authenticate the locked user "root"
25-Mar-2024 21:54:41.977 경고 [http-nio-8855-exec-92] org.apache.catalina.realm.LockOutRealm.filterLockedAccounts An attempt was made to authenticate the locked user "root"
25-Mar-2024 22:01:48.076 경고 [http-nio-8855-exec-95] org.apache.catalina.realm.LockOutRealm.filterLockedAccounts An attempt was made to authenticate the locked user "tomcat"
25-Mar-2024 22:01:48.289 경고 [http-nio-8855-exec-92] org.apache.catalina.realm.LockOutRealm.filterLockedAccounts An attempt was made to authenticate the locked user "tomcat"
25-Mar-2024 22:21:03.562 경고 [http-nio-8855-exec-93] org.apache.catalina.realm.LockOutRealm.filterLockedAccounts An attempt was made to authenticate the locked user "tomcat"
25-Mar-2024 22:21:04.219 경고 [http-nio-8855-exec-98] org.apache.catalina.realm.LockOutRealm.filterLockedAccounts An attempt was made to authenticate the locked user "tomcat"
25-Mar-2024 22:34:31.016 경고 [http-nio-8855-exec-96] org.apache.catalina.realm.LockOutRealm.filterLockedAccounts An attempt was made to authenticate the locked user "tomcat"
25-Mar-2024 22:34:31.047 경고 [http-nio-8855-exec-97] org.apache.catalina.realm.LockOutRealm.filterLockedAccounts An attempt was made to authenticate the locked user "tomcat"
25-Mar-2024 22:55:04.294 경고 [http-nio-8855-exec-91] org.apache.catalina.realm.LockOutRealm.filterLockedAccounts An attempt was made to authenticate the locked user "tomcat"
25-Mar-2024 22:55:04.919 경고 [http-nio-8855-exec-100] org.apache.catalina.realm.LockOutRealm.filterLockedAccounts An attempt was made to authenticate the locked user "tomcat"
25-Mar-2024 23:21:03.941 경고 [http-nio-8855-exec-91] org.apache.catalina.realm.LockOutRealm.filterLockedAccounts An attempt was made to authenticate the locked user "tomcat"
25-Mar-2024 23:39:35.190 경고 [http-nio-8855-exec-97] org.apache.catalina.realm.LockOutRealm.filterLockedAccounts An attempt was made to authenticate the locked user "tomcat"
25-Mar-2024 23:39:35.344 경고 [http-nio-8855-exec-94] org.apache.catalina.realm.LockOutRealm.filterLockedAccounts An attempt was made to authenticate the locked user "tomcat"
25-Mar-2024 23:52:14.852 경고 [http-nio-8855-exec-100] org.apache.catalina.realm.LockOutRealm.filterLockedAccounts An attempt was made to authenticate the locked user "tomcat"
25-Mar-2024 23:52:15.079 경고 [http-nio-8855-exec-95] org.apache.catalina.realm.LockOutRealm.filterLockedAccounts An attempt was made to authenticate the locked user "tomcat"
