20-Apr-2024 01:11:34.460 경고 [http-nio-8855-exec-93] org.apache.catalina.realm.LockOutRealm.filterLockedAccounts An attempt was made to authenticate the locked user "admin"
20-Apr-2024 01:35:19.397 경고 [http-nio-8855-exec-99] org.apache.catalina.realm.LockOutRealm.filterLockedAccounts An attempt was made to authenticate the locked user "tomcat"
20-Apr-2024 02:26:14.862 경고 [http-nio-8855-exec-96] org.apache.catalina.realm.LockOutRealm.filterLockedAccounts An attempt was made to authenticate the locked user "root"
20-Apr-2024 02:31:08.844 경고 [http-nio-8855-exec-92] org.apache.catalina.realm.LockOutRealm.filterLockedAccounts An attempt was made to authenticate the locked user "root"
20-Apr-2024 03:20:13.126 경고 [http-nio-8855-exec-97] org.apache.catalina.realm.LockOutRealm.filterLockedAccounts An attempt was made to authenticate the locked user "admin"
20-Apr-2024 03:24:56.719 경고 [http-nio-8855-exec-100] org.apache.catalina.realm.LockOutRealm.filterLockedAccounts An attempt was made to authenticate the locked user "admin"
20-Apr-2024 04:12:05.169 경고 [http-nio-8855-exec-96] org.apache.catalina.realm.LockOutRealm.filterLockedAccounts An attempt was made to authenticate the locked user "tomcat"
20-Apr-2024 04:16:40.360 경고 [http-nio-8855-exec-92] org.apache.catalina.realm.LockOutRealm.filterLockedAccounts An attempt was made to authenticate the locked user "tomcat"
20-Apr-2024 04:32:43.978 경고 [http-nio-8855-exec-97] org.apache.catalina.realm.LockOutRealm.filterLockedAccounts An attempt was made to authenticate the locked user "root"
20-Apr-2024 04:37:23.421 경고 [http-nio-8855-exec-100] org.apache.catalina.realm.LockOutRealm.filterLockedAccounts An attempt was made to authenticate the locked user "root"
20-Apr-2024 05:53:02.213 경고 [http-nio-8855-exec-93] org.apache.catalina.realm.LockOutRealm.filterLockedAccounts An attempt was made to authenticate the locked user "admin"
20-Apr-2024 05:57:25.590 경고 [http-nio-8855-exec-97] org.apache.catalina.realm.LockOutRealm.filterLockedAccounts An attempt was made to authenticate the locked user "admin"
20-Apr-2024 06:12:38.822 경고 [http-nio-8855-exec-99] org.apache.catalina.realm.LockOutRealm.filterLockedAccounts An attempt was made to authenticate the locked user "tomcat"
20-Apr-2024 06:17:01.007 경고 [http-nio-8855-exec-91] org.apache.catalina.realm.LockOutRealm.filterLockedAccounts An attempt was made to authenticate the locked user "tomcat"
20-Apr-2024 06:31:45.224 경고 [http-nio-8855-exec-92] org.apache.catalina.realm.LockOutRealm.filterLockedAccounts An attempt was made to authenticate the locked user "root"
20-Apr-2024 06:36:01.778 경고 [http-nio-8855-exec-95] org.apache.catalina.realm.LockOutRealm.filterLockedAccounts An attempt was made to authenticate the locked user "root"
20-Apr-2024 07:48:28.895 경고 [http-nio-8855-exec-100] org.apache.catalina.realm.LockOutRealm.filterLockedAccounts An attempt was made to authenticate the locked user "admin"
20-Apr-2024 07:52:56.281 경고 [http-nio-8855-exec-95] org.apache.catalina.realm.LockOutRealm.filterLockedAccounts An attempt was made to authenticate the locked user "admin"
20-Apr-2024 08:08:21.504 경고 [http-nio-8855-exec-97] org.apache.catalina.realm.LockOutRealm.filterLockedAccounts An attempt was made to authenticate the locked user "tomcat"
20-Apr-2024 08:12:55.348 경고 [http-nio-8855-exec-100] org.apache.catalina.realm.LockOutRealm.filterLockedAccounts An attempt was made to authenticate the locked user "tomcat"
20-Apr-2024 08:28:50.068 경고 [http-nio-8855-exec-95] org.apache.catalina.realm.LockOutRealm.filterLockedAccounts An attempt was made to authenticate the locked user "root"
20-Apr-2024 09:52:04.694 경고 [http-nio-8855-exec-96] org.apache.catalina.realm.LockOutRealm.filterLockedAccounts An attempt was made to authenticate the locked user "admin"
20-Apr-2024 09:56:46.249 경고 [http-nio-8855-exec-97] org.apache.catalina.realm.LockOutRealm.filterLockedAccounts An attempt was made to authenticate the locked user "admin"
20-Apr-2024 10:07:31.637 경고 [http-nio-8855-exec-99] org.apache.catalina.realm.LockOutRealm.filterLockedAccounts An attempt was made to authenticate the locked user "root"
20-Apr-2024 10:13:27.989 경고 [http-nio-8855-exec-91] org.apache.catalina.realm.LockOutRealm.filterLockedAccounts An attempt was made to authenticate the locked user "tomcat"
20-Apr-2024 11:46:38.111 경고 [http-nio-8855-exec-95] org.apache.catalina.realm.LockOutRealm.filterLockedAccounts An attempt was made to authenticate the locked user "tomcat"
20-Apr-2024 11:52:38.007 경고 [http-nio-8855-exec-99] org.apache.catalina.realm.LockOutRealm.filterLockedAccounts An attempt was made to authenticate the locked user "admin"
20-Apr-2024 13:10:21.561 경고 [http-nio-8855-exec-93] org.apache.catalina.realm.LockOutRealm.filterLockedAccounts An attempt was made to authenticate the locked user "root"
20-Apr-2024 13:15:20.162 경고 [http-nio-8855-exec-93] org.apache.catalina.realm.LockOutRealm.filterLockedAccounts An attempt was made to authenticate the locked user "root"
20-Apr-2024 13:37:08.969 경고 [http-nio-8855-exec-94] org.apache.catalina.realm.LockOutRealm.filterLockedAccounts An attempt was made to authenticate the locked user "admin"
20-Apr-2024 14:49:56.337 경고 [http-nio-8855-exec-93] org.apache.catalina.realm.LockOutRealm.filterLockedAccounts An attempt was made to authenticate the locked user "tomcat"
20-Apr-2024 15:11:48.250 경고 [http-nio-8855-exec-99] org.apache.catalina.realm.LockOutRealm.filterLockedAccounts An attempt was made to authenticate the locked user "root"
20-Apr-2024 15:16:40.013 경고 [http-nio-8855-exec-91] org.apache.catalina.realm.LockOutRealm.filterLockedAccounts An attempt was made to authenticate the locked user "root"
20-Apr-2024 15:33:31.879 경고 [http-nio-8855-exec-100] org.apache.catalina.realm.LockOutRealm.filterLockedAccounts An attempt was made to authenticate the locked user "admin"
20-Apr-2024 15:38:17.946 경고 [http-nio-8855-exec-99] org.apache.catalina.realm.LockOutRealm.filterLockedAccounts An attempt was made to authenticate the locked user "admin"
20-Apr-2024 16:32:00.635 경고 [http-nio-8855-exec-100] org.apache.catalina.realm.LockOutRealm.filterLockedAccounts An attempt was made to authenticate the locked user "tomcat"
20-Apr-2024 17:05:52.174 정보 [http-nio-8855-exec-97] org.apache.coyote.http11.AbstractHttp11Processor.process Error parsing HTTP request header
 Note: further occurrences of HTTP header parsing errors will be logged at DEBUG level.
 java.lang.IllegalArgumentException: Invalid character found in method name. HTTP method names must be tokens
	at org.apache.coyote.http11.AbstractNioInputBuffer.parseRequestLine(AbstractNioInputBuffer.java:235)
	at org.apache.coyote.http11.AbstractHttp11Processor.process(AbstractHttp11Processor.java:1045)
	at org.apache.coyote.AbstractProtocol$AbstractConnectionHandler.process(AbstractProtocol.java:684)
	at org.apache.tomcat.util.net.NioEndpoint$SocketProcessor.doRun(NioEndpoint.java:1539)
	at org.apache.tomcat.util.net.NioEndpoint$SocketProcessor.run(NioEndpoint.java:1495)
	at java.util.concurrent.ThreadPoolExecutor.runWorker(ThreadPoolExecutor.java:1142)
	at java.util.concurrent.ThreadPoolExecutor$Worker.run(ThreadPoolExecutor.java:617)
	at org.apache.tomcat.util.threads.TaskThread$WrappingRunnable.run(TaskThread.java:61)
	at java.lang.Thread.run(Thread.java:745)

20-Apr-2024 17:21:46.747 경고 [http-nio-8855-exec-92] org.apache.catalina.realm.LockOutRealm.filterLockedAccounts An attempt was made to authenticate the locked user "root"
20-Apr-2024 17:26:40.941 경고 [http-nio-8855-exec-96] org.apache.catalina.realm.LockOutRealm.filterLockedAccounts An attempt was made to authenticate the locked user "root"
20-Apr-2024 18:16:32.415 경고 [http-nio-8855-exec-97] org.apache.catalina.realm.LockOutRealm.filterLockedAccounts An attempt was made to authenticate the locked user "admin"
20-Apr-2024 18:21:31.371 경고 [http-nio-8855-exec-95] org.apache.catalina.realm.LockOutRealm.filterLockedAccounts An attempt was made to authenticate the locked user "admin"
20-Apr-2024 18:38:25.490 경고 [http-nio-8855-exec-92] org.apache.catalina.realm.LockOutRealm.filterLockedAccounts An attempt was made to authenticate the locked user "tomcat"
20-Apr-2024 18:43:24.991 경고 [http-nio-8855-exec-96] org.apache.catalina.realm.LockOutRealm.filterLockedAccounts An attempt was made to authenticate the locked user "tomcat"
20-Apr-2024 20:04:28.437 경고 [http-nio-8855-exec-93] org.apache.catalina.realm.LockOutRealm.filterLockedAccounts An attempt was made to authenticate the locked user "root"
20-Apr-2024 20:09:16.286 경고 [http-nio-8855-exec-98] org.apache.catalina.realm.LockOutRealm.filterLockedAccounts An attempt was made to authenticate the locked user "root"
20-Apr-2024 20:25:37.201 경고 [http-nio-8855-exec-100] org.apache.catalina.realm.LockOutRealm.filterLockedAccounts An attempt was made to authenticate the locked user "admin"
20-Apr-2024 20:30:27.019 경고 [http-nio-8855-exec-99] org.apache.catalina.realm.LockOutRealm.filterLockedAccounts An attempt was made to authenticate the locked user "admin"
20-Apr-2024 20:46:49.785 경고 [http-nio-8855-exec-92] org.apache.catalina.realm.LockOutRealm.filterLockedAccounts An attempt was made to authenticate the locked user "tomcat"
20-Apr-2024 20:51:25.833 경고 [http-nio-8855-exec-96] org.apache.catalina.realm.LockOutRealm.filterLockedAccounts An attempt was made to authenticate the locked user "tomcat"
20-Apr-2024 22:10:12.304 경고 [http-nio-8855-exec-93] org.apache.catalina.realm.LockOutRealm.filterLockedAccounts An attempt was made to authenticate the locked user "root"
20-Apr-2024 22:15:04.271 경고 [http-nio-8855-exec-98] org.apache.catalina.realm.LockOutRealm.filterLockedAccounts An attempt was made to authenticate the locked user "root"
20-Apr-2024 22:31:34.232 경고 [http-nio-8855-exec-100] org.apache.catalina.realm.LockOutRealm.filterLockedAccounts An attempt was made to authenticate the locked user "admin"
20-Apr-2024 22:36:25.757 경고 [http-nio-8855-exec-99] org.apache.catalina.realm.LockOutRealm.filterLockedAccounts An attempt was made to authenticate the locked user "admin"
20-Apr-2024 22:52:53.798 경고 [http-nio-8855-exec-93] org.apache.catalina.realm.LockOutRealm.filterLockedAccounts An attempt was made to authenticate the locked user "tomcat"
