15-Mar-2024 01:13:13.054 경고 [http-nio-8855-exec-92] org.apache.catalina.realm.LockOutRealm.filterLockedAccounts An attempt was made to authenticate the locked user "tomcat"
15-Mar-2024 01:13:13.577 경고 [http-nio-8855-exec-98] org.apache.catalina.realm.LockOutRealm.filterLockedAccounts An attempt was made to authenticate the locked user "tomcat"
15-Mar-2024 01:35:47.615 경고 [http-nio-8855-exec-97] org.apache.catalina.realm.LockOutRealm.filterLockedAccounts An attempt was made to authenticate the locked user "root"
15-Mar-2024 01:35:47.728 경고 [http-nio-8855-exec-94] org.apache.catalina.realm.LockOutRealm.filterLockedAccounts An attempt was made to authenticate the locked user "root"
15-Mar-2024 01:47:06.163 경고 [http-nio-8855-exec-98] org.apache.catalina.realm.LockOutRealm.filterLockedAccounts An attempt was made to authenticate the locked user "j2deployer"
15-Mar-2024 01:47:06.682 경고 [http-nio-8855-exec-100] org.apache.catalina.realm.LockOutRealm.filterLockedAccounts An attempt was made to authenticate the locked user "j2deployer"
15-Mar-2024 02:31:54.938 경고 [http-nio-8855-exec-94] org.apache.catalina.realm.LockOutRealm.filterLockedAccounts An attempt was made to authenticate the locked user "root"
15-Mar-2024 02:31:54.939 경고 [http-nio-8855-exec-96] org.apache.catalina.realm.LockOutRealm.filterLockedAccounts An attempt was made to authenticate the locked user "root"
15-Mar-2024 02:54:03.580 경고 [http-nio-8855-exec-93] org.apache.catalina.realm.LockOutRealm.filterLockedAccounts An attempt was made to authenticate the locked user "root"
15-Mar-2024 02:54:04.262 경고 [http-nio-8855-exec-91] org.apache.catalina.realm.LockOutRealm.filterLockedAccounts An attempt was made to authenticate the locked user "root"
15-Mar-2024 03:37:53.361 경고 [http-nio-8855-exec-99] org.apache.catalina.realm.LockOutRealm.filterLockedAccounts An attempt was made to authenticate the locked user "root"
15-Mar-2024 03:37:53.401 경고 [http-nio-8855-exec-92] org.apache.catalina.realm.LockOutRealm.filterLockedAccounts An attempt was made to authenticate the locked user "root"
15-Mar-2024 03:59:08.800 경고 [http-nio-8855-exec-95] org.apache.catalina.realm.LockOutRealm.filterLockedAccounts An attempt was made to authenticate the locked user "root"
15-Mar-2024 03:59:09.243 경고 [http-nio-8855-exec-97] org.apache.catalina.realm.LockOutRealm.filterLockedAccounts An attempt was made to authenticate the locked user "root"
15-Mar-2024 04:41:47.188 경고 [http-nio-8855-exec-98] org.apache.catalina.realm.LockOutRealm.filterLockedAccounts An attempt was made to authenticate the locked user "root"
15-Mar-2024 04:41:47.197 경고 [http-nio-8855-exec-100] org.apache.catalina.realm.LockOutRealm.filterLockedAccounts An attempt was made to authenticate the locked user "root"
15-Mar-2024 05:02:25.050 경고 [http-nio-8855-exec-94] org.apache.catalina.realm.LockOutRealm.filterLockedAccounts An attempt was made to authenticate the locked user "root"
15-Mar-2024 05:02:25.708 경고 [http-nio-8855-exec-96] org.apache.catalina.realm.LockOutRealm.filterLockedAccounts An attempt was made to authenticate the locked user "root"
15-Mar-2024 05:40:35.851 경고 [http-nio-8855-exec-91] org.apache.catalina.realm.LockOutRealm.filterLockedAccounts An attempt was made to authenticate the locked user "root"
15-Mar-2024 05:40:35.851 경고 [http-nio-8855-exec-93] org.apache.catalina.realm.LockOutRealm.filterLockedAccounts An attempt was made to authenticate the locked user "root"
15-Mar-2024 05:59:29.471 경고 [http-nio-8855-exec-99] org.apache.catalina.realm.LockOutRealm.filterLockedAccounts An attempt was made to authenticate the locked user "root"
15-Mar-2024 05:59:29.512 경고 [http-nio-8855-exec-92] org.apache.catalina.realm.LockOutRealm.filterLockedAccounts An attempt was made to authenticate the locked user "root"
15-Mar-2024 06:46:28.389 경고 [http-nio-8855-exec-96] org.apache.catalina.realm.LockOutRealm.filterLockedAccounts An attempt was made to authenticate the locked user "manager"
15-Mar-2024 06:46:28.512 경고 [http-nio-8855-exec-99] org.apache.catalina.realm.LockOutRealm.filterLockedAccounts An attempt was made to authenticate the locked user "manager"
15-Mar-2024 07:23:11.369 경고 [http-nio-8855-exec-91] org.apache.catalina.realm.LockOutRealm.filterLockedAccounts An attempt was made to authenticate the locked user "manager"
15-Mar-2024 07:23:11.391 경고 [http-nio-8855-exec-95] org.apache.catalina.realm.LockOutRealm.filterLockedAccounts An attempt was made to authenticate the locked user "manager"
15-Mar-2024 07:40:57.112 경고 [http-nio-8855-exec-98] org.apache.catalina.realm.LockOutRealm.filterLockedAccounts An attempt was made to authenticate the locked user "manager"
15-Mar-2024 07:40:57.168 경고 [http-nio-8855-exec-100] org.apache.catalina.realm.LockOutRealm.filterLockedAccounts An attempt was made to authenticate the locked user "manager"
15-Mar-2024 08:16:45.121 경고 [http-nio-8855-exec-98] org.apache.catalina.realm.LockOutRealm.filterLockedAccounts An attempt was made to authenticate the locked user "manager"
15-Mar-2024 08:16:45.145 경고 [http-nio-8855-exec-100] org.apache.catalina.realm.LockOutRealm.filterLockedAccounts An attempt was made to authenticate the locked user "manager"
15-Mar-2024 08:34:37.888 경고 [http-nio-8855-exec-91] org.apache.catalina.realm.LockOutRealm.filterLockedAccounts An attempt was made to authenticate the locked user "manager"
15-Mar-2024 08:34:38.494 경고 [http-nio-8855-exec-95] org.apache.catalina.realm.LockOutRealm.filterLockedAccounts An attempt was made to authenticate the locked user "manager"
15-Mar-2024 09:10:06.952 경고 [http-nio-8855-exec-99] org.apache.catalina.realm.LockOutRealm.filterLockedAccounts An attempt was made to authenticate the locked user "manager"
15-Mar-2024 09:10:07.767 경고 [http-nio-8855-exec-100] org.apache.catalina.realm.LockOutRealm.filterLockedAccounts An attempt was made to authenticate the locked user "manager"
15-Mar-2024 09:27:42.220 경고 [http-nio-8855-exec-100] org.apache.catalina.realm.LockOutRealm.filterLockedAccounts An attempt was made to authenticate the locked user "manager"
15-Mar-2024 09:27:42.303 경고 [http-nio-8855-exec-92] org.apache.catalina.realm.LockOutRealm.filterLockedAccounts An attempt was made to authenticate the locked user "manager"
15-Mar-2024 09:45:34.877 경고 [http-nio-8855-exec-92] org.apache.catalina.realm.LockOutRealm.filterLockedAccounts An attempt was made to authenticate the locked user "manager"
15-Mar-2024 09:45:35.625 경고 [http-nio-8855-exec-91] org.apache.catalina.realm.LockOutRealm.filterLockedAccounts An attempt was made to authenticate the locked user "manager"
15-Mar-2024 10:12:04.047 경고 [http-nio-8855-exec-98] org.apache.catalina.realm.LockOutRealm.filterLockedAccounts An attempt was made to authenticate the locked user "manager"
15-Mar-2024 10:12:04.059 경고 [http-nio-8855-exec-93] org.apache.catalina.realm.LockOutRealm.filterLockedAccounts An attempt was made to authenticate the locked user "manager"
15-Mar-2024 10:29:28.709 경고 [http-nio-8855-exec-94] org.apache.catalina.realm.LockOutRealm.filterLockedAccounts An attempt was made to authenticate the locked user "manager"
15-Mar-2024 10:29:28.747 경고 [http-nio-8855-exec-91] org.apache.catalina.realm.LockOutRealm.filterLockedAccounts An attempt was made to authenticate the locked user "manager"
15-Mar-2024 10:55:44.270 경고 [http-nio-8855-exec-94] org.apache.catalina.realm.LockOutRealm.filterLockedAccounts An attempt was made to authenticate the locked user "manager"
15-Mar-2024 10:55:45.064 경고 [http-nio-8855-exec-91] org.apache.catalina.realm.LockOutRealm.filterLockedAccounts An attempt was made to authenticate the locked user "manager"
15-Mar-2024 11:13:44.030 경고 [http-nio-8855-exec-93] org.apache.catalina.realm.LockOutRealm.filterLockedAccounts An attempt was made to authenticate the locked user "manager"
15-Mar-2024 11:13:44.056 경고 [http-nio-8855-exec-100] org.apache.catalina.realm.LockOutRealm.filterLockedAccounts An attempt was made to authenticate the locked user "manager"
15-Mar-2024 11:31:49.643 경고 [http-nio-8855-exec-97] org.apache.catalina.realm.LockOutRealm.filterLockedAccounts An attempt was made to authenticate the locked user "manager"
15-Mar-2024 11:31:49.692 경고 [http-nio-8855-exec-93] org.apache.catalina.realm.LockOutRealm.filterLockedAccounts An attempt was made to authenticate the locked user "manager"
15-Mar-2024 14:05:18.623 경고 [http-nio-8855-exec-100] org.apache.catalina.realm.LockOutRealm.filterLockedAccounts An attempt was made to authenticate the locked user "root"
15-Mar-2024 14:05:19.343 경고 [http-nio-8855-exec-95] org.apache.catalina.realm.LockOutRealm.filterLockedAccounts An attempt was made to authenticate the locked user "root"
15-Mar-2024 14:35:46.858 경고 [http-nio-8855-exec-91] org.apache.catalina.realm.LockOutRealm.filterLockedAccounts An attempt was made to authenticate the locked user "manager"
15-Mar-2024 14:35:47.367 경고 [http-nio-8855-exec-92] org.apache.catalina.realm.LockOutRealm.filterLockedAccounts An attempt was made to authenticate the locked user "manager"
15-Mar-2024 14:55:51.639 경고 [http-nio-8855-exec-99] org.apache.catalina.realm.LockOutRealm.filterLockedAccounts An attempt was made to authenticate the locked user "manager"
15-Mar-2024 14:55:51.740 경고 [http-nio-8855-exec-91] org.apache.catalina.realm.LockOutRealm.filterLockedAccounts An attempt was made to authenticate the locked user "manager"
15-Mar-2024 15:33:40.829 경고 [http-nio-8855-exec-96] org.apache.catalina.realm.LockOutRealm.filterLockedAccounts An attempt was made to authenticate the locked user "manager"
15-Mar-2024 15:33:40.837 경고 [http-nio-8855-exec-94] org.apache.catalina.realm.LockOutRealm.filterLockedAccounts An attempt was made to authenticate the locked user "manager"
15-Mar-2024 16:19:35.674 경고 [http-nio-8855-exec-91] org.apache.catalina.realm.LockOutRealm.filterLockedAccounts An attempt was made to authenticate the locked user "both"
15-Mar-2024 16:19:35.730 경고 [http-nio-8855-exec-92] org.apache.catalina.realm.LockOutRealm.filterLockedAccounts An attempt was made to authenticate the locked user "both"
15-Mar-2024 16:38:05.933 경고 [http-nio-8855-exec-100] org.apache.catalina.realm.LockOutRealm.filterLockedAccounts An attempt was made to authenticate the locked user "both"
15-Mar-2024 16:38:05.937 경고 [http-nio-8855-exec-95] org.apache.catalina.realm.LockOutRealm.filterLockedAccounts An attempt was made to authenticate the locked user "both"
15-Mar-2024 17:16:07.680 경고 [http-nio-8855-exec-99] org.apache.catalina.realm.LockOutRealm.filterLockedAccounts An attempt was made to authenticate the locked user "both"
15-Mar-2024 17:16:07.914 경고 [http-nio-8855-exec-91] org.apache.catalina.realm.LockOutRealm.filterLockedAccounts An attempt was made to authenticate the locked user "both"
15-Mar-2024 17:35:48.955 경고 [http-nio-8855-exec-100] org.apache.catalina.realm.LockOutRealm.filterLockedAccounts An attempt was made to authenticate the locked user "both"
15-Mar-2024 17:35:49.069 경고 [http-nio-8855-exec-95] org.apache.catalina.realm.LockOutRealm.filterLockedAccounts An attempt was made to authenticate the locked user "both"
15-Mar-2024 18:04:09.067 경고 [http-nio-8855-exec-93] org.apache.catalina.realm.LockOutRealm.filterLockedAccounts An attempt was made to authenticate the locked user "both"
15-Mar-2024 18:04:09.129 경고 [http-nio-8855-exec-100] org.apache.catalina.realm.LockOutRealm.filterLockedAccounts An attempt was made to authenticate the locked user "both"
15-Mar-2024 18:23:17.363 경고 [http-nio-8855-exec-93] org.apache.catalina.realm.LockOutRealm.filterLockedAccounts An attempt was made to authenticate the locked user "both"
15-Mar-2024 18:23:17.716 경고 [http-nio-8855-exec-100] org.apache.catalina.realm.LockOutRealm.filterLockedAccounts An attempt was made to authenticate the locked user "both"
15-Mar-2024 18:42:29.666 경고 [http-nio-8855-exec-97] org.apache.catalina.realm.LockOutRealm.filterLockedAccounts An attempt was made to authenticate the locked user "both"
15-Mar-2024 18:42:29.716 경고 [http-nio-8855-exec-93] org.apache.catalina.realm.LockOutRealm.filterLockedAccounts An attempt was made to authenticate the locked user "both"
15-Mar-2024 19:10:51.938 경고 [http-nio-8855-exec-94] org.apache.catalina.realm.LockOutRealm.filterLockedAccounts An attempt was made to authenticate the locked user "both"
15-Mar-2024 19:10:52.061 경고 [http-nio-8855-exec-96] org.apache.catalina.realm.LockOutRealm.filterLockedAccounts An attempt was made to authenticate the locked user "both"
15-Mar-2024 19:30:02.188 경고 [http-nio-8855-exec-93] org.apache.catalina.realm.LockOutRealm.filterLockedAccounts An attempt was made to authenticate the locked user "both"
15-Mar-2024 19:30:02.248 경고 [http-nio-8855-exec-95] org.apache.catalina.realm.LockOutRealm.filterLockedAccounts An attempt was made to authenticate the locked user "both"
15-Mar-2024 20:08:37.591 경고 [http-nio-8855-exec-99] org.apache.catalina.realm.LockOutRealm.filterLockedAccounts An attempt was made to authenticate the locked user "both"
15-Mar-2024 20:08:37.642 경고 [http-nio-8855-exec-94] org.apache.catalina.realm.LockOutRealm.filterLockedAccounts An attempt was made to authenticate the locked user "both"
15-Mar-2024 20:28:49.717 경고 [http-nio-8855-exec-97] org.apache.catalina.realm.LockOutRealm.filterLockedAccounts An attempt was made to authenticate the locked user "both"
15-Mar-2024 20:28:49.895 경고 [http-nio-8855-exec-93] org.apache.catalina.realm.LockOutRealm.filterLockedAccounts An attempt was made to authenticate the locked user "both"
15-Mar-2024 21:08:32.290 경고 [http-nio-8855-exec-94] org.apache.catalina.realm.LockOutRealm.filterLockedAccounts An attempt was made to authenticate the locked user "both"
15-Mar-2024 21:08:32.784 경고 [http-nio-8855-exec-92] org.apache.catalina.realm.LockOutRealm.filterLockedAccounts An attempt was made to authenticate the locked user "both"
15-Mar-2024 21:29:04.406 경고 [http-nio-8855-exec-95] org.apache.catalina.realm.LockOutRealm.filterLockedAccounts An attempt was made to authenticate the locked user "both"
15-Mar-2024 21:29:06.148 경고 [http-nio-8855-exec-100] org.apache.catalina.realm.LockOutRealm.filterLockedAccounts An attempt was made to authenticate the locked user "both"
15-Mar-2024 22:20:41.847 경고 [http-nio-8855-exec-93] org.apache.catalina.realm.LockOutRealm.filterLockedAccounts An attempt was made to authenticate the locked user "role1"
15-Mar-2024 22:20:41.972 경고 [http-nio-8855-exec-95] org.apache.catalina.realm.LockOutRealm.filterLockedAccounts An attempt was made to authenticate the locked user "role1"
