08-Dec-2022 10:11:53.546 정보 [ContainerBackgroundProcessor[StandardEngine[daejist7]]] org.apache.catalina.startup.HostConfig.undeploy Undeploying context []
08-Dec-2022 10:11:53.547 정보 [ContainerBackgroundProcessor[StandardEngine[daejist7]]] org.apache.catalina.core.ApplicationContext.log Destroying Spring FrameworkServlet 'appServlet'
08-Dec-2022 10:11:53.570 정보 [ContainerBackgroundProcessor[StandardEngine[daejist7]]] org.apache.catalina.core.ApplicationContext.log Closing Spring root WebApplicationContext
08-Dec-2022 10:11:53.573 심각 [ContainerBackgroundProcessor[StandardEngine[daejist7]]] org.apache.catalina.core.StandardContext.listenerStop Exception sending context destroyed event to listener instance of class org.springframework.web.context.ContextLoaderListener
 java.lang.IllegalStateException: java.io.FileNotFoundException: /daejist7/tomcat/webapps/ROOT/WEB-INF/lib/spring-core-5.1.9.RELEASE.jar (그런 파일이나 디렉터리가 없습니다)
	at org.apache.catalina.webresources.AbstractSingleArchiveResourceSet.getArchiveEntry(AbstractSingleArchiveResourceSet.java:100)
	at org.apache.catalina.webresources.AbstractArchiveResourceSet.getResource(AbstractArchiveResourceSet.java:265)
	at org.apache.catalina.webresources.StandardRoot.getResourceInternal(StandardRoot.java:281)
	at org.apache.catalina.webresources.Cache.getResource(Cache.java:62)
	at org.apache.catalina.webresources.StandardRoot.getResource(StandardRoot.java:216)
	at org.apache.catalina.webresources.StandardRoot.getClassLoaderResource(StandardRoot.java:225)
	at org.apache.catalina.loader.WebappClassLoaderBase.findResourceInternal(WebappClassLoaderBase.java:2541)
	at org.apache.catalina.loader.WebappClassLoaderBase.findClassInternal(WebappClassLoaderBase.java:2377)
	at org.apache.catalina.loader.WebappClassLoaderBase.findClass(WebappClassLoaderBase.java:855)
	at org.apache.catalina.loader.WebappClassLoaderBase.loadClass(WebappClassLoaderBase.java:1304)
	at org.apache.catalina.loader.WebappClassLoaderBase.loadClass(WebappClassLoaderBase.java:1163)
	at org.springframework.web.context.ContextLoaderListener.contextDestroyed(ContextLoaderListener.java:113)
	at org.apache.catalina.core.StandardContext.listenerStop(StandardContext.java:4908)
	at org.apache.catalina.core.StandardContext.stopInternal(StandardContext.java:5545)
	at org.apache.catalina.util.LifecycleBase.stop(LifecycleBase.java:221)
	at org.apache.catalina.core.ContainerBase.removeChild(ContainerBase.java:849)
	at org.apache.catalina.startup.HostConfig.undeploy(HostConfig.java:1429)
	at org.apache.catalina.startup.HostConfig.checkResources(HostConfig.java:1355)
	at org.apache.catalina.startup.HostConfig.check(HostConfig.java:1615)
	at org.apache.catalina.startup.HostConfig.lifecycleEvent(HostConfig.java:318)
	at org.apache.catalina.util.LifecycleSupport.fireLifecycleEvent(LifecycleSupport.java:95)
	at org.apache.catalina.util.LifecycleBase.fireLifecycleEvent(LifecycleBase.java:90)
	at org.apache.catalina.core.ContainerBase.backgroundProcess(ContainerBase.java:1168)
	at org.apache.catalina.core.ContainerBase$ContainerBackgroundProcessor.processChildren(ContainerBase.java:1377)
	at org.apache.catalina.core.ContainerBase$ContainerBackgroundProcessor.processChildren(ContainerBase.java:1381)
	at org.apache.catalina.core.ContainerBase$ContainerBackgroundProcessor.run(ContainerBase.java:1349)
	at java.lang.Thread.run(Thread.java:745)
Caused by: java.io.FileNotFoundException: /daejist7/tomcat/webapps/ROOT/WEB-INF/lib/spring-core-5.1.9.RELEASE.jar (그런 파일이나 디렉터리가 없습니다)
	at java.util.zip.ZipFile.open(Native Method)
	at java.util.zip.ZipFile.<init>(ZipFile.java:219)
	at java.util.zip.ZipFile.<init>(ZipFile.java:149)
	at java.util.jar.JarFile.<init>(JarFile.java:166)
	at java.util.jar.JarFile.<init>(JarFile.java:130)
	at org.apache.tomcat.util.compat.JreCompat.jarFileNewInstance(JreCompat.java:170)
	at org.apache.tomcat.util.compat.JreCompat.jarFileNewInstance(JreCompat.java:155)
	at org.apache.catalina.webresources.AbstractArchiveResourceSet.openJarFile(AbstractArchiveResourceSet.java:316)
	at org.apache.catalina.webresources.AbstractSingleArchiveResourceSet.getArchiveEntry(AbstractSingleArchiveResourceSet.java:96)
	... 26 more

08-Dec-2022 10:11:53.578 경고 [ContainerBackgroundProcessor[StandardEngine[daejist7]]] org.apache.catalina.loader.WebappClassLoaderBase.clearReferencesJdbc The web application [ROOT] registered the JDBC driver [com.microsoft.sqlserver.jdbc.SQLServerDriver] but failed to unregister it when the web application was stopped. To prevent a memory leak, the JDBC Driver has been forcibly unregistered.
08-Dec-2022 18:44:26.178 정보 [main] org.apache.catalina.core.AprLifecycleListener.lifecycleEvent The APR based Apache Tomcat Native library which allows optimal performance in production environments was not found on the java.library.path: /home/hosting_users/usr/local/fakechroot/lib/fakechroot:/usr/local/fakechroot/lib/fakechroot:/home/hosting_users/usr/lib:/home/hosting_users/lib:/usr/local/mysql/lib:/usr/java/packages/lib/amd64:/usr/lib64:/lib64:/lib:/usr/lib
08-Dec-2022 18:44:26.229 정보 [main] org.apache.coyote.AbstractProtocol.init Initializing ProtocolHandler ["http-nio-8855"]
08-Dec-2022 18:44:26.238 정보 [main] org.apache.tomcat.util.net.NioSelectorPool.getSharedSelector Using a shared selector for servlet write/read
08-Dec-2022 18:44:26.239 정보 [main] org.apache.catalina.startup.Catalina.load Initialization processed in 238 ms
08-Dec-2022 18:44:26.253 정보 [main] org.apache.catalina.core.StandardService.startInternal Starting service daejist7
08-Dec-2022 18:44:26.253 정보 [main] org.apache.catalina.core.StandardEngine.startInternal Starting Servlet Engine: Apache Tomcat/8.0.50
08-Dec-2022 18:44:26.269 정보 [daejist7.cafe24.com-startStop-1] org.apache.catalina.startup.HostConfig.deployWAR Deploying web application archive /daejist7/tomcat/webapps/daejiM.war
08-Dec-2022 18:44:29.620 정보 [daejist7.cafe24.com-startStop-1] org.apache.jasper.servlet.TldScanner.scanJars At least one JAR was scanned for TLDs yet contained no TLDs. Enable debug logging for this logger for a complete list of JARs that were scanned but no TLDs were found in them. Skipping unneeded JARs during scanning can improve startup time and JSP compilation time.
08-Dec-2022 18:44:29.637 정보 [daejist7.cafe24.com-startStop-1] org.apache.catalina.core.ApplicationContext.log No Spring WebApplicationInitializer types detected on classpath
08-Dec-2022 18:44:29.644 정보 [daejist7.cafe24.com-startStop-1] org.apache.catalina.core.ApplicationContext.log Initializing Spring root WebApplicationContext
08-Dec-2022 18:44:30.747 정보 [daejist7.cafe24.com-startStop-1] org.apache.catalina.core.ApplicationContext.log Initializing Spring DispatcherServlet 'appServlet'
08-Dec-2022 18:44:31.150 정보 [daejist7.cafe24.com-startStop-1] org.apache.catalina.startup.HostConfig.deployWAR Deployment of web application archive /daejist7/tomcat/webapps/daejiM.war has finished in 4,881 ms
08-Dec-2022 18:44:31.155 정보 [daejist7.cafe24.com-startStop-1] org.apache.catalina.startup.HostConfig.deployWAR Deploying web application archive /daejist7/tomcat/webapps/scm.war
08-Dec-2022 18:44:32.933 정보 [daejist7.cafe24.com-startStop-1] org.apache.jasper.servlet.TldScanner.scanJars At least one JAR was scanned for TLDs yet contained no TLDs. Enable debug logging for this logger for a complete list of JARs that were scanned but no TLDs were found in them. Skipping unneeded JARs during scanning can improve startup time and JSP compilation time.
08-Dec-2022 18:44:32.936 정보 [daejist7.cafe24.com-startStop-1] org.apache.catalina.core.ApplicationContext.log No Spring WebApplicationInitializer types detected on classpath
08-Dec-2022 18:44:32.941 정보 [daejist7.cafe24.com-startStop-1] org.apache.catalina.core.ApplicationContext.log Initializing Spring root WebApplicationContext
08-Dec-2022 18:44:33.533 정보 [daejist7.cafe24.com-startStop-1] org.apache.catalina.core.ApplicationContext.log Initializing Spring DispatcherServlet 'appServlet'
08-Dec-2022 18:44:33.857 정보 [daejist7.cafe24.com-startStop-1] org.apache.catalina.startup.HostConfig.deployWAR Deployment of web application archive /daejist7/tomcat/webapps/scm.war has finished in 2,702 ms
08-Dec-2022 18:44:33.861 정보 [daejist7.cafe24.com-startStop-1] org.apache.catalina.startup.HostConfig.deployWAR Deploying web application archive /daejist7/tomcat/webapps/ROOT.war
08-Dec-2022 18:44:35.082 정보 [daejist7.cafe24.com-startStop-1] org.apache.jasper.servlet.TldScanner.scanJars At least one JAR was scanned for TLDs yet contained no TLDs. Enable debug logging for this logger for a complete list of JARs that were scanned but no TLDs were found in them. Skipping unneeded JARs during scanning can improve startup time and JSP compilation time.
08-Dec-2022 18:44:35.089 정보 [daejist7.cafe24.com-startStop-1] org.apache.catalina.core.ApplicationContext.log No Spring WebApplicationInitializer types detected on classpath
08-Dec-2022 18:44:35.100 정보 [daejist7.cafe24.com-startStop-1] org.apache.catalina.core.ApplicationContext.log Initializing Spring root WebApplicationContext
08-Dec-2022 18:44:35.478 정보 [daejist7.cafe24.com-startStop-1] org.apache.catalina.core.ApplicationContext.log Initializing Spring DispatcherServlet 'appServlet'
08-Dec-2022 18:44:35.873 정보 [daejist7.cafe24.com-startStop-1] org.apache.catalina.startup.HostConfig.deployWAR Deployment of web application archive /daejist7/tomcat/webapps/ROOT.war has finished in 2,012 ms
08-Dec-2022 18:44:35.874 정보 [daejist7.cafe24.com-startStop-1] org.apache.catalina.startup.HostConfig.deployDirectory Deploying web application directory /daejist7/tomcat/webapps/host-manager
08-Dec-2022 18:44:35.987 정보 [daejist7.cafe24.com-startStop-1] org.apache.jasper.servlet.TldScanner.scanJars At least one JAR was scanned for TLDs yet contained no TLDs. Enable debug logging for this logger for a complete list of JARs that were scanned but no TLDs were found in them. Skipping unneeded JARs during scanning can improve startup time and JSP compilation time.
08-Dec-2022 18:44:35.989 정보 [daejist7.cafe24.com-startStop-1] org.apache.catalina.startup.HostConfig.deployDirectory Deployment of web application directory /daejist7/tomcat/webapps/host-manager has finished in 115 ms
08-Dec-2022 18:44:35.989 정보 [daejist7.cafe24.com-startStop-1] org.apache.catalina.startup.HostConfig.deployDirectory Deploying web application directory /daejist7/tomcat/webapps/manager
08-Dec-2022 18:44:36.098 정보 [daejist7.cafe24.com-startStop-1] org.apache.jasper.servlet.TldScanner.scanJars At least one JAR was scanned for TLDs yet contained no TLDs. Enable debug logging for this logger for a complete list of JARs that were scanned but no TLDs were found in them. Skipping unneeded JARs during scanning can improve startup time and JSP compilation time.
08-Dec-2022 18:44:36.099 정보 [daejist7.cafe24.com-startStop-1] org.apache.catalina.startup.HostConfig.deployDirectory Deployment of web application directory /daejist7/tomcat/webapps/manager has finished in 110 ms
08-Dec-2022 18:44:36.101 정보 [main] org.apache.coyote.AbstractProtocol.start Starting ProtocolHandler ["http-nio-8855"]
08-Dec-2022 18:44:36.105 정보 [main] org.apache.catalina.startup.Catalina.start Server startup in 9865 ms
