09-Apr-2024 00:21:21.551 경고 [http-nio-8855-exec-100] org.apache.catalina.realm.LockOutRealm.filterLockedAccounts An attempt was made to authenticate the locked user "tomcat"
09-Apr-2024 00:21:22.259 경고 [http-nio-8855-exec-93] org.apache.catalina.realm.LockOutRealm.filterLockedAccounts An attempt was made to authenticate the locked user "tomcat"
09-Apr-2024 02:08:48.764 경고 [http-nio-8855-exec-92] org.apache.catalina.realm.LockOutRealm.filterLockedAccounts An attempt was made to authenticate the locked user "manager"
09-Apr-2024 02:08:49.004 경고 [http-nio-8855-exec-91] org.apache.catalina.realm.LockOutRealm.filterLockedAccounts An attempt was made to authenticate the locked user "manager"
09-Apr-2024 02:34:07.845 경고 [http-nio-8855-exec-95] org.apache.catalina.realm.LockOutRealm.filterLockedAccounts An attempt was made to authenticate the locked user "admin"
09-Apr-2024 02:34:08.270 경고 [http-nio-8855-exec-99] org.apache.catalina.realm.LockOutRealm.filterLockedAccounts An attempt was made to authenticate the locked user "admin"
09-Apr-2024 02:46:48.769 경고 [http-nio-8855-exec-100] org.apache.catalina.realm.LockOutRealm.filterLockedAccounts An attempt was made to authenticate the locked user "root"
09-Apr-2024 02:59:55.103 경고 [http-nio-8855-exec-93] org.apache.catalina.realm.LockOutRealm.filterLockedAccounts An attempt was made to authenticate the locked user "both"
09-Apr-2024 02:59:56.112 경고 [http-nio-8855-exec-98] org.apache.catalina.realm.LockOutRealm.filterLockedAccounts An attempt was made to authenticate the locked user "both"
09-Apr-2024 04:27:45.172 경고 [http-nio-8855-exec-91] org.apache.catalina.realm.LockOutRealm.filterLockedAccounts An attempt was made to authenticate the locked user "tomcat"
09-Apr-2024 04:27:45.502 경고 [http-nio-8855-exec-97] org.apache.catalina.realm.LockOutRealm.filterLockedAccounts An attempt was made to authenticate the locked user "tomcat"
09-Apr-2024 05:53:18.023 경고 [http-nio-8855-exec-92] org.apache.catalina.realm.LockOutRealm.filterLockedAccounts An attempt was made to authenticate the locked user "root"
09-Apr-2024 05:53:18.107 경고 [http-nio-8855-exec-91] org.apache.catalina.realm.LockOutRealm.filterLockedAccounts An attempt was made to authenticate the locked user "root"
09-Apr-2024 06:10:42.247 정보 [http-nio-8855-exec-95] org.apache.coyote.http11.AbstractHttp11Processor.process Error parsing HTTP request header
 Note: further occurrences of HTTP header parsing errors will be logged at DEBUG level.
 java.lang.IllegalArgumentException: Invalid character found in method name. HTTP method names must be tokens
	at org.apache.coyote.http11.AbstractNioInputBuffer.parseRequestLine(AbstractNioInputBuffer.java:235)
	at org.apache.coyote.http11.AbstractHttp11Processor.process(AbstractHttp11Processor.java:1045)
	at org.apache.coyote.AbstractProtocol$AbstractConnectionHandler.process(AbstractProtocol.java:684)
	at org.apache.tomcat.util.net.NioEndpoint$SocketProcessor.doRun(NioEndpoint.java:1539)
	at org.apache.tomcat.util.net.NioEndpoint$SocketProcessor.run(NioEndpoint.java:1495)
	at java.util.concurrent.ThreadPoolExecutor.runWorker(ThreadPoolExecutor.java:1142)
	at java.util.concurrent.ThreadPoolExecutor$Worker.run(ThreadPoolExecutor.java:617)
	at org.apache.tomcat.util.threads.TaskThread$WrappingRunnable.run(TaskThread.java:61)
	at java.lang.Thread.run(Thread.java:745)

09-Apr-2024 06:17:48.811 경고 [http-nio-8855-exec-100] org.apache.catalina.realm.LockOutRealm.filterLockedAccounts An attempt was made to authenticate the locked user "manager"
09-Apr-2024 06:17:49.430 경고 [http-nio-8855-exec-93] org.apache.catalina.realm.LockOutRealm.filterLockedAccounts An attempt was made to authenticate the locked user "manager"
09-Apr-2024 06:42:02.187 경고 [http-nio-8855-exec-91] org.apache.catalina.realm.LockOutRealm.filterLockedAccounts An attempt was made to authenticate the locked user "admin"
09-Apr-2024 06:42:02.497 경고 [http-nio-8855-exec-97] org.apache.catalina.realm.LockOutRealm.filterLockedAccounts An attempt was made to authenticate the locked user "admin"
09-Apr-2024 08:09:20.799 경고 [http-nio-8855-exec-99] org.apache.catalina.realm.LockOutRealm.filterLockedAccounts An attempt was made to authenticate the locked user "both"
09-Apr-2024 08:09:21.349 경고 [http-nio-8855-exec-96] org.apache.catalina.realm.LockOutRealm.filterLockedAccounts An attempt was made to authenticate the locked user "both"
09-Apr-2024 09:26:09.579 경고 [http-nio-8855-exec-91] org.apache.catalina.realm.LockOutRealm.filterLockedAccounts An attempt was made to authenticate the locked user "manager"
09-Apr-2024 09:26:10.390 경고 [http-nio-8855-exec-96] org.apache.catalina.realm.LockOutRealm.filterLockedAccounts An attempt was made to authenticate the locked user "manager"
09-Apr-2024 09:39:04.300 경고 [http-nio-8855-exec-100] org.apache.catalina.realm.LockOutRealm.filterLockedAccounts An attempt was made to authenticate the locked user "tomcat"
09-Apr-2024 09:39:04.399 경고 [http-nio-8855-exec-99] org.apache.catalina.realm.LockOutRealm.filterLockedAccounts An attempt was made to authenticate the locked user "tomcat"
09-Apr-2024 10:56:08.337 경고 [http-nio-8855-exec-100] org.apache.catalina.realm.LockOutRealm.filterLockedAccounts An attempt was made to authenticate the locked user "admin"
09-Apr-2024 10:56:08.538 경고 [http-nio-8855-exec-99] org.apache.catalina.realm.LockOutRealm.filterLockedAccounts An attempt was made to authenticate the locked user "admin"
09-Apr-2024 11:08:55.173 경고 [http-nio-8855-exec-93] org.apache.catalina.realm.LockOutRealm.filterLockedAccounts An attempt was made to authenticate the locked user "root"
09-Apr-2024 11:08:56.270 경고 [http-nio-8855-exec-96] org.apache.catalina.realm.LockOutRealm.filterLockedAccounts An attempt was made to authenticate the locked user "root"
09-Apr-2024 11:21:43.964 경고 [http-nio-8855-exec-100] org.apache.catalina.realm.LockOutRealm.filterLockedAccounts An attempt was made to authenticate the locked user "both"
09-Apr-2024 11:21:44.860 경고 [http-nio-8855-exec-99] org.apache.catalina.realm.LockOutRealm.filterLockedAccounts An attempt was made to authenticate the locked user "both"
09-Apr-2024 13:58:59.778 경고 [http-nio-8855-exec-93] org.apache.catalina.realm.LockOutRealm.filterLockedAccounts An attempt was made to authenticate the locked user "tomcat"
09-Apr-2024 13:59:00.648 경고 [http-nio-8855-exec-96] org.apache.catalina.realm.LockOutRealm.filterLockedAccounts An attempt was made to authenticate the locked user "tomcat"
09-Apr-2024 14:53:10.808 경고 [http-nio-8855-exec-96] org.apache.catalina.realm.LockOutRealm.filterLockedAccounts An attempt was made to authenticate the locked user "manager"
09-Apr-2024 14:53:11.001 경고 [http-nio-8855-exec-94] org.apache.catalina.realm.LockOutRealm.filterLockedAccounts An attempt was made to authenticate the locked user "manager"
09-Apr-2024 15:19:59.972 경고 [http-nio-8855-exec-99] org.apache.catalina.realm.LockOutRealm.filterLockedAccounts An attempt was made to authenticate the locked user "admin"
09-Apr-2024 15:20:00.145 경고 [http-nio-8855-exec-98] org.apache.catalina.realm.LockOutRealm.filterLockedAccounts An attempt was made to authenticate the locked user "admin"
09-Apr-2024 15:46:44.966 경고 [http-nio-8855-exec-97] org.apache.catalina.realm.LockOutRealm.filterLockedAccounts An attempt was made to authenticate the locked user "both"
09-Apr-2024 15:46:45.303 경고 [http-nio-8855-exec-91] org.apache.catalina.realm.LockOutRealm.filterLockedAccounts An attempt was made to authenticate the locked user "both"
09-Apr-2024 16:40:11.416 경고 [http-nio-8855-exec-100] org.apache.catalina.realm.LockOutRealm.filterLockedAccounts An attempt was made to authenticate the locked user "root"
09-Apr-2024 16:40:12.754 경고 [http-nio-8855-exec-99] org.apache.catalina.realm.LockOutRealm.filterLockedAccounts An attempt was made to authenticate the locked user "root"
09-Apr-2024 18:26:21.725 경고 [http-nio-8855-exec-98] org.apache.catalina.realm.LockOutRealm.filterLockedAccounts An attempt was made to authenticate the locked user "tomcat"
09-Apr-2024 18:26:21.877 경고 [http-nio-8855-exec-91] org.apache.catalina.realm.LockOutRealm.filterLockedAccounts An attempt was made to authenticate the locked user "tomcat"
09-Apr-2024 20:30:09.689 경고 [http-nio-8855-exec-92] org.apache.catalina.realm.LockOutRealm.filterLockedAccounts An attempt was made to authenticate the locked user "manager"
09-Apr-2024 20:30:09.801 경고 [http-nio-8855-exec-93] org.apache.catalina.realm.LockOutRealm.filterLockedAccounts An attempt was made to authenticate the locked user "manager"
09-Apr-2024 20:55:33.145 경고 [http-nio-8855-exec-100] org.apache.catalina.realm.LockOutRealm.filterLockedAccounts An attempt was made to authenticate the locked user "admin"
09-Apr-2024 20:55:33.966 경고 [http-nio-8855-exec-99] org.apache.catalina.realm.LockOutRealm.filterLockedAccounts An attempt was made to authenticate the locked user "admin"
09-Apr-2024 21:08:25.704 경고 [http-nio-8855-exec-97] org.apache.catalina.realm.LockOutRealm.filterLockedAccounts An attempt was made to authenticate the locked user "root"
09-Apr-2024 21:08:26.431 경고 [http-nio-8855-exec-94] org.apache.catalina.realm.LockOutRealm.filterLockedAccounts An attempt was made to authenticate the locked user "root"
09-Apr-2024 21:21:16.631 경고 [http-nio-8855-exec-92] org.apache.catalina.realm.LockOutRealm.filterLockedAccounts An attempt was made to authenticate the locked user "both"
09-Apr-2024 21:21:17.819 경고 [http-nio-8855-exec-93] org.apache.catalina.realm.LockOutRealm.filterLockedAccounts An attempt was made to authenticate the locked user "both"
09-Apr-2024 22:53:30.042 경고 [http-nio-8855-exec-92] org.apache.catalina.realm.LockOutRealm.filterLockedAccounts An attempt was made to authenticate the locked user "tomcat"
09-Apr-2024 22:53:30.861 경고 [http-nio-8855-exec-93] org.apache.catalina.realm.LockOutRealm.filterLockedAccounts An attempt was made to authenticate the locked user "tomcat"
