06-Dec-2024 09:11:14.941 정보 [daejist7.cafe24.com-startStop-20] org.apache.catalina.startup.HostConfig.deployWAR Deploying web application archive /daejist7/tomcat/webapps/scmNfree.war
06-Dec-2024 09:11:16.799 정보 [daejist7.cafe24.com-startStop-20] org.apache.jasper.servlet.TldScanner.scanJars At least one JAR was scanned for TLDs yet contained no TLDs. Enable debug logging for this logger for a complete list of JARs that were scanned but no TLDs were found in them. Skipping unneeded JARs during scanning can improve startup time and JSP compilation time.
06-Dec-2024 09:11:16.800 정보 [daejist7.cafe24.com-startStop-20] org.apache.catalina.core.ApplicationContext.log No Spring WebApplicationInitializer types detected on classpath
06-Dec-2024 09:11:16.806 정보 [daejist7.cafe24.com-startStop-20] org.apache.catalina.core.ApplicationContext.log Initializing Spring root WebApplicationContext
06-Dec-2024 09:11:17.417 정보 [daejist7.cafe24.com-startStop-20] org.apache.catalina.core.ApplicationContext.log Initializing Spring DispatcherServlet 'appServlet'
06-Dec-2024 09:11:17.798 정보 [daejist7.cafe24.com-startStop-20] org.apache.catalina.startup.HostConfig.deployWAR Deployment of web application archive /daejist7/tomcat/webapps/scmNfree.war has finished in 2,857 ms
06-Dec-2024 09:12:15.152 심각 [http-nio-8855-exec-108] org.apache.catalina.core.StandardWrapperValve.invoke Servlet.service() for servlet [appServlet] in context with path [/scmNfree] threw exception [Filter execution threw an exception] with root cause
 java.lang.OutOfMemoryError: Metaspace
	at sun.misc.Unsafe.defineAnonymousClass(Native Method)
	at java.lang.invoke.InnerClassLambdaMetafactory.spinInnerClass(InnerClassLambdaMetafactory.java:326)
	at java.lang.invoke.InnerClassLambdaMetafactory.buildCallSite(InnerClassLambdaMetafactory.java:194)
	at java.lang.invoke.LambdaMetafactory.metafactory(LambdaMetafactory.java:304)
	at java.lang.invoke.LambdaForm$DMH/813824728.invokeStatic_L6_L(LambdaForm$DMH)
	at java.lang.invoke.LambdaForm$BMH/100666254.reinvoke(LambdaForm$BMH)
	at java.lang.invoke.LambdaForm$MH/1450556611.invoke_MT(LambdaForm$MH)
	at java.lang.invoke.CallSite.makeSite(CallSite.java:302)
	at java.lang.invoke.MethodHandleNatives.linkCallSiteImpl(MethodHandleNatives.java:307)
	at java.lang.invoke.MethodHandleNatives.linkCallSite(MethodHandleNatives.java:297)
	at org.springframework.core.annotation.AnnotationUtils.getAnnotation(AnnotationUtils.java:226)
	at org.springframework.security.web.context.HttpSessionSecurityContextRepository.isTransient(HttpSessionSecurityContextRepository.java:244)
	at org.springframework.security.web.context.HttpSessionSecurityContextRepository.access$100(HttpSessionSecurityContextRepository.java:84)
	at org.springframework.security.web.context.HttpSessionSecurityContextRepository$SaveToSessionResponseWrapper.saveContext(HttpSessionSecurityContextRepository.java:337)
	at org.springframework.security.web.context.HttpSessionSecurityContextRepository.saveContext(HttpSessionSecurityContextRepository.java:144)
	at org.springframework.security.web.context.SecurityContextPersistenceFilter.doFilter(SecurityContextPersistenceFilter.java:118)
	at org.springframework.security.web.context.SecurityContextPersistenceFilter.doFilter(SecurityContextPersistenceFilter.java:82)
	at org.springframework.security.web.FilterChainProxy$VirtualFilterChain.doFilter(FilterChainProxy.java:336)
	at org.springframework.security.web.session.DisableEncodeUrlFilter.doFilterInternal(DisableEncodeUrlFilter.java:42)
	at org.springframework.web.filter.OncePerRequestFilter.doFilter(OncePerRequestFilter.java:117)
	at org.springframework.security.web.FilterChainProxy$VirtualFilterChain.doFilter(FilterChainProxy.java:336)
	at org.springframework.security.web.FilterChainProxy.doFilterInternal(FilterChainProxy.java:211)
	at org.springframework.security.web.FilterChainProxy.doFilter(FilterChainProxy.java:183)
	at org.springframework.web.filter.DelegatingFilterProxy.invokeDelegate(DelegatingFilterProxy.java:354)
	at org.springframework.web.filter.DelegatingFilterProxy.doFilter(DelegatingFilterProxy.java:267)
	at org.apache.catalina.core.ApplicationFilterChain.internalDoFilter(ApplicationFilterChain.java:240)
	at org.apache.catalina.core.ApplicationFilterChain.doFilter(ApplicationFilterChain.java:207)
	at org.springframework.web.filter.CharacterEncodingFilter.doFilterInternal(CharacterEncodingFilter.java:201)
	at org.springframework.web.filter.OncePerRequestFilter.doFilter(OncePerRequestFilter.java:117)
	at org.apache.catalina.core.ApplicationFilterChain.internalDoFilter(ApplicationFilterChain.java:240)
	at org.apache.catalina.core.ApplicationFilterChain.doFilter(ApplicationFilterChain.java:207)
	at org.apache.catalina.core.StandardWrapperValve.invoke(StandardWrapperValve.java:212)

06-Dec-2024 09:15:57.826 정보 [ContainerBackgroundProcessor[StandardEngine[daejist7]]] org.apache.catalina.startup.HostConfig.undeploy Undeploying context [/scmNfree]
06-Dec-2024 09:15:57.826 정보 [ContainerBackgroundProcessor[StandardEngine[daejist7]]] org.apache.catalina.core.ApplicationContext.log Destroying Spring FrameworkServlet 'appServlet'
06-Dec-2024 09:15:58.102 심각 [ContainerBackgroundProcessor[StandardEngine[daejist7]]] org.apache.catalina.core.StandardWrapper.unload InstanceManager.destroy() for servlet [appServlet] threw exception
 java.lang.NullPointerException
	at org.apache.catalina.core.DefaultInstanceManager.destroyInstance(DefaultInstanceManager.java:197)
	at org.apache.catalina.core.StandardWrapper.unload(StandardWrapper.java:1416)
	at org.apache.catalina.core.StandardWrapper.stopInternal(StandardWrapper.java:1729)
	at org.apache.catalina.util.LifecycleBase.stop(LifecycleBase.java:221)
	at org.apache.catalina.core.StandardContext.stopInternal(StandardContext.java:5532)
	at org.apache.catalina.util.LifecycleBase.stop(LifecycleBase.java:221)
	at org.apache.catalina.core.ContainerBase.removeChild(ContainerBase.java:849)
	at org.apache.catalina.startup.HostConfig.undeploy(HostConfig.java:1429)
	at org.apache.catalina.startup.HostConfig.checkResources(HostConfig.java:1337)
	at org.apache.catalina.startup.HostConfig.check(HostConfig.java:1615)
	at org.apache.catalina.startup.HostConfig.lifecycleEvent(HostConfig.java:318)
	at org.apache.catalina.util.LifecycleSupport.fireLifecycleEvent(LifecycleSupport.java:95)
	at org.apache.catalina.util.LifecycleBase.fireLifecycleEvent(LifecycleBase.java:90)
	at org.apache.catalina.core.ContainerBase.backgroundProcess(ContainerBase.java:1168)
	at org.apache.catalina.core.ContainerBase$ContainerBackgroundProcessor.processChildren(ContainerBase.java:1377)
	at org.apache.catalina.core.ContainerBase$ContainerBackgroundProcessor.processChildren(ContainerBase.java:1381)
	at org.apache.catalina.core.ContainerBase$ContainerBackgroundProcessor.run(ContainerBase.java:1349)
	at java.lang.Thread.run(Thread.java:745)

06-Dec-2024 09:15:58.103 심각 [ContainerBackgroundProcessor[StandardEngine[daejist7]]] org.apache.catalina.core.ApplicationContext.log Servlet appServlet threw unload() exception
 javax.servlet.ServletException: Servlet.destroy() for servlet appServlet threw exception
	at org.apache.catalina.core.StandardWrapper.unload(StandardWrapper.java:1409)
	at org.apache.catalina.core.StandardWrapper.stopInternal(StandardWrapper.java:1729)
	at org.apache.catalina.util.LifecycleBase.stop(LifecycleBase.java:221)
	at org.apache.catalina.core.StandardContext.stopInternal(StandardContext.java:5532)
	at org.apache.catalina.util.LifecycleBase.stop(LifecycleBase.java:221)
	at org.apache.catalina.core.ContainerBase.removeChild(ContainerBase.java:849)
	at org.apache.catalina.startup.HostConfig.undeploy(HostConfig.java:1429)
	at org.apache.catalina.startup.HostConfig.checkResources(HostConfig.java:1337)
	at org.apache.catalina.startup.HostConfig.check(HostConfig.java:1615)
	at org.apache.catalina.startup.HostConfig.lifecycleEvent(HostConfig.java:318)
	at org.apache.catalina.util.LifecycleSupport.fireLifecycleEvent(LifecycleSupport.java:95)
	at org.apache.catalina.util.LifecycleBase.fireLifecycleEvent(LifecycleBase.java:90)
	at org.apache.catalina.core.ContainerBase.backgroundProcess(ContainerBase.java:1168)
	at org.apache.catalina.core.ContainerBase$ContainerBackgroundProcessor.processChildren(ContainerBase.java:1377)
	at org.apache.catalina.core.ContainerBase$ContainerBackgroundProcessor.processChildren(ContainerBase.java:1381)
	at org.apache.catalina.core.ContainerBase$ContainerBackgroundProcessor.run(ContainerBase.java:1349)
	at java.lang.Thread.run(Thread.java:745)
Caused by: java.lang.BootstrapMethodError: call site initialization exception
	at java.lang.invoke.CallSite.makeSite(CallSite.java:341)
	at java.lang.invoke.MethodHandleNatives.linkCallSiteImpl(MethodHandleNatives.java:307)
	at java.lang.invoke.MethodHandleNatives.linkCallSite(MethodHandleNatives.java:297)
	at org.springframework.beans.factory.support.DefaultListableBeanFactory.destroySingletons(DefaultListableBeanFactory.java:1155)
	at org.springframework.context.support.AbstractApplicationContext.destroyBeans(AbstractApplicationContext.java:1106)
	at org.springframework.context.support.AbstractApplicationContext.doClose(AbstractApplicationContext.java:1075)
	at org.springframework.context.support.AbstractApplicationContext.close(AbstractApplicationContext.java:1021)
	at org.springframework.web.servlet.FrameworkServlet.destroy(FrameworkServlet.java:866)
	at org.apache.catalina.core.StandardWrapper.unload(StandardWrapper.java:1393)
	... 16 more
Caused by: java.lang.OutOfMemoryError: Metaspace

06-Dec-2024 09:15:58.103 정보 [ContainerBackgroundProcessor[StandardEngine[daejist7]]] org.apache.catalina.core.StandardWrapper.unload Waiting for 1 instance(s) to be deallocated for Servlet [jsp]
06-Dec-2024 09:15:59.104 정보 [ContainerBackgroundProcessor[StandardEngine[daejist7]]] org.apache.catalina.core.StandardWrapper.unload Waiting for 1 instance(s) to be deallocated for Servlet [jsp]
06-Dec-2024 09:16:00.105 정보 [ContainerBackgroundProcessor[StandardEngine[daejist7]]] org.apache.catalina.core.StandardWrapper.unload Waiting for 1 instance(s) to be deallocated for Servlet [jsp]
06-Dec-2024 09:16:00.206 정보 [ContainerBackgroundProcessor[StandardEngine[daejist7]]] org.apache.catalina.core.ApplicationContext.log Closing Spring root WebApplicationContext
06-Dec-2024 09:16:00.600 심각 [ContainerBackgroundProcessor[StandardEngine[daejist7]]] org.apache.catalina.core.ContainerBase$ContainerBackgroundProcessor.run Unexpected death of background thread ContainerBackgroundProcessor[StandardEngine[daejist7]]
 java.lang.InternalError: linkToTargetMethod=Lambda(a0:L)=>{
    t1:L=MethodHandle.invokeBasic(a0:L);t1:L}
	at java.lang.invoke.MethodHandleStatics.newInternalError(MethodHandleStatics.java:127)
	at java.lang.invoke.LambdaForm.compileToBytecode(LambdaForm.java:660)
	at java.lang.invoke.Invokers.callSiteForm(Invokers.java:381)
	at java.lang.invoke.Invokers.linkToTargetMethod(Invokers.java:347)
	at java.lang.invoke.MethodHandleNatives.linkCallSiteImpl(MethodHandleNatives.java:314)
	at java.lang.invoke.MethodHandleNatives.linkCallSite(MethodHandleNatives.java:297)
	at org.springframework.beans.factory.support.DefaultListableBeanFactory.destroySingletons(DefaultListableBeanFactory.java:1155)
	at org.springframework.context.support.AbstractApplicationContext.destroyBeans(AbstractApplicationContext.java:1106)
	at org.springframework.context.support.AbstractApplicationContext.doClose(AbstractApplicationContext.java:1075)
	at org.springframework.context.support.AbstractApplicationContext.close(AbstractApplicationContext.java:1021)
	at org.springframework.web.context.ContextLoader.closeWebApplicationContext(ContextLoader.java:517)
	at org.springframework.web.context.ContextLoaderListener.contextDestroyed(ContextLoaderListener.java:112)
	at org.apache.catalina.core.StandardContext.listenerStop(StandardContext.java:4908)
	at org.apache.catalina.core.StandardContext.stopInternal(StandardContext.java:5545)
	at org.apache.catalina.util.LifecycleBase.stop(LifecycleBase.java:221)
	at org.apache.catalina.core.ContainerBase.removeChild(ContainerBase.java:849)
	at org.apache.catalina.startup.HostConfig.undeploy(HostConfig.java:1429)
	at org.apache.catalina.startup.HostConfig.checkResources(HostConfig.java:1337)
	at org.apache.catalina.startup.HostConfig.check(HostConfig.java:1615)
	at org.apache.catalina.startup.HostConfig.lifecycleEvent(HostConfig.java:318)
	at org.apache.catalina.util.LifecycleSupport.fireLifecycleEvent(LifecycleSupport.java:95)
	at org.apache.catalina.util.LifecycleBase.fireLifecycleEvent(LifecycleBase.java:90)
	at org.apache.catalina.core.ContainerBase.backgroundProcess(ContainerBase.java:1168)
	at org.apache.catalina.core.ContainerBase$ContainerBackgroundProcessor.processChildren(ContainerBase.java:1377)
	at org.apache.catalina.core.ContainerBase$ContainerBackgroundProcessor.processChildren(ContainerBase.java:1381)
	at org.apache.catalina.core.ContainerBase$ContainerBackgroundProcessor.run(ContainerBase.java:1349)
	at java.lang.Thread.run(Thread.java:745)
Caused by: java.lang.OutOfMemoryError: Metaspace

06-Dec-2024 09:16:12.387 심각 [http-nio-8855-exec-112] org.apache.tomcat.util.net.NioEndpoint$SocketProcessor.doRun 
 java.lang.OutOfMemoryError: Metaspace

06-Dec-2024 09:21:55.965 심각 [http-nio-8855-exec-107] org.apache.catalina.core.StandardWrapperValve.invoke Servlet.service() for servlet [appServlet] in context with path [] threw exception [Handler dispatch failed; nested exception is java.lang.OutOfMemoryError: Metaspace] with root cause
 java.lang.OutOfMemoryError: Metaspace

06-Dec-2024 09:21:57.364 심각 [http-nio-8855-exec-116] org.apache.catalina.core.StandardWrapperValve.invoke Servlet.service() for servlet [appServlet] in context with path [] threw exception [Handler dispatch failed; nested exception is java.lang.OutOfMemoryError: Metaspace] with root cause
 java.lang.OutOfMemoryError: Metaspace

06-Dec-2024 09:22:01.065 심각 [http-nio-8855-exec-113] org.apache.catalina.core.StandardWrapperValve.invoke Servlet.service() for servlet [appServlet] in context with path [] threw exception [Handler dispatch failed; nested exception is java.lang.OutOfMemoryError: Metaspace] with root cause
 java.lang.OutOfMemoryError: Metaspace

06-Dec-2024 09:22:04.882 심각 [http-nio-8855-exec-110] org.apache.catalina.core.StandardWrapperValve.invoke Servlet.service() for servlet [appServlet] in context with path [] threw exception [Handler dispatch failed; nested exception is java.lang.OutOfMemoryError: Metaspace] with root cause
 java.lang.OutOfMemoryError: Metaspace

06-Dec-2024 09:22:06.513 심각 [http-nio-8855-exec-114] org.apache.catalina.core.StandardWrapperValve.invoke Servlet.service() for servlet [appServlet] in context with path [] threw exception [Handler dispatch failed; nested exception is java.lang.OutOfMemoryError: Metaspace] with root cause
 java.lang.OutOfMemoryError: Metaspace

06-Dec-2024 09:22:21.265 심각 [http-nio-8855-exec-113] org.apache.catalina.core.StandardWrapperValve.invoke Servlet.service() for servlet [appServlet] in context with path [] threw exception [Handler dispatch failed; nested exception is java.lang.OutOfMemoryError: Metaspace] with root cause
 java.lang.OutOfMemoryError: Metaspace

06-Dec-2024 09:22:23.697 심각 [http-nio-8855-exec-108] org.apache.tomcat.util.net.NioEndpoint$SocketProcessor.doRun 
 java.lang.OutOfMemoryError: Metaspace

06-Dec-2024 09:22:24.099 심각 [http-nio-8855-exec-111] org.apache.catalina.core.StandardWrapperValve.invoke Servlet.service() for servlet [appServlet] in context with path [/scm] threw exception [Filter execution threw an exception] with root cause
 java.lang.OutOfMemoryError: Metaspace

06-Dec-2024 09:23:45.534 심각 [http-nio-8855-exec-107] org.apache.catalina.core.StandardWrapperValve.invoke Servlet.service() for servlet [appServlet] in context with path [] threw exception [Handler dispatch failed; nested exception is java.lang.OutOfMemoryError: Metaspace] with root cause
 java.lang.OutOfMemoryError: Metaspace

06-Dec-2024 09:23:47.646 심각 [http-nio-8855-exec-116] org.apache.catalina.core.StandardWrapperValve.invoke Servlet.service() for servlet [appServlet] in context with path [] threw exception [Handler dispatch failed; nested exception is java.lang.OutOfMemoryError: Metaspace] with root cause
 java.lang.OutOfMemoryError: Metaspace

06-Dec-2024 09:24:05.635 심각 [http-nio-8855-exec-112] org.apache.catalina.core.StandardWrapperValve.invoke Servlet.service() for servlet [appServlet] in context with path [] threw exception [Handler dispatch failed; nested exception is java.lang.OutOfMemoryError: Metaspace] with root cause
 java.lang.OutOfMemoryError: Metaspace

06-Dec-2024 09:24:07.504 심각 [http-nio-8855-exec-107] org.apache.catalina.core.StandardWrapperValve.invoke Servlet.service() for servlet [appServlet] in context with path [] threw exception [Handler dispatch failed; nested exception is java.lang.OutOfMemoryError: Metaspace] with root cause
 java.lang.OutOfMemoryError: Metaspace

06-Dec-2024 09:24:12.962 심각 [http-nio-8855-exec-111] org.apache.catalina.core.StandardWrapperValve.invoke Servlet.service() for servlet [appServlet] in context with path [] threw exception [Handler dispatch failed; nested exception is java.lang.OutOfMemoryError: Metaspace] with root cause
 java.lang.OutOfMemoryError: Metaspace

06-Dec-2024 09:24:19.655 심각 [http-nio-8855-exec-113] org.apache.catalina.core.StandardWrapperValve.invoke Servlet.service() for servlet [appServlet] in context with path [] threw exception [Handler dispatch failed; nested exception is java.lang.OutOfMemoryError: Metaspace] with root cause
 java.lang.OutOfMemoryError: Metaspace

06-Dec-2024 09:24:21.020 심각 [http-nio-8855-exec-108] org.apache.catalina.core.StandardWrapperValve.invoke Servlet.service() for servlet [appServlet] in context with path [] threw exception [Handler dispatch failed; nested exception is java.lang.OutOfMemoryError: Metaspace] with root cause
 java.lang.OutOfMemoryError: Metaspace

06-Dec-2024 09:24:23.776 심각 [http-nio-8855-exec-111] org.apache.catalina.core.StandardWrapperValve.invoke Servlet.service() for servlet [appServlet] in context with path [] threw exception [Handler dispatch failed; nested exception is java.lang.OutOfMemoryError: Metaspace] with root cause
 java.lang.OutOfMemoryError: Metaspace

06-Dec-2024 09:24:26.236 심각 [http-nio-8855-exec-107] org.apache.catalina.core.StandardWrapperValve.invoke Servlet.service() for servlet [appServlet] in context with path [] threw exception [Handler dispatch failed; nested exception is java.lang.OutOfMemoryError: Metaspace] with root cause
 java.lang.OutOfMemoryError: Metaspace

06-Dec-2024 09:24:27.931 심각 [http-nio-8855-exec-111] org.apache.catalina.core.StandardWrapperValve.invoke Servlet.service() for servlet [appServlet] in context with path [] threw exception [Handler dispatch failed; nested exception is java.lang.OutOfMemoryError: Metaspace] with root cause
 java.lang.OutOfMemoryError: Metaspace

06-Dec-2024 09:24:32.156 심각 [http-nio-8855-exec-113] org.apache.catalina.core.StandardWrapperValve.invoke Servlet.service() for servlet [appServlet] in context with path [] threw exception [Handler dispatch failed; nested exception is java.lang.OutOfMemoryError: Metaspace] with root cause
 java.lang.OutOfMemoryError: Metaspace

06-Dec-2024 09:24:32.474 심각 [http-nio-8855-exec-110] org.apache.catalina.core.StandardWrapperValve.invoke Servlet.service() for servlet [appServlet] in context with path [] threw exception [Handler dispatch failed; nested exception is java.lang.OutOfMemoryError: Metaspace] with root cause
 java.lang.OutOfMemoryError: Metaspace

06-Dec-2024 09:24:33.906 심각 [http-nio-8855-exec-114] org.apache.catalina.core.StandardWrapperValve.invoke Servlet.service() for servlet [appServlet] in context with path [] threw exception [Handler dispatch failed; nested exception is java.lang.OutOfMemoryError: Metaspace] with root cause
 java.lang.OutOfMemoryError: Metaspace

06-Dec-2024 09:24:35.080 심각 [http-nio-8855-exec-115] org.apache.catalina.core.StandardWrapperValve.invoke Servlet.service() for servlet [appServlet] in context with path [] threw exception [Handler dispatch failed; nested exception is java.lang.OutOfMemoryError: Metaspace] with root cause
 java.lang.OutOfMemoryError: Metaspace

06-Dec-2024 09:24:41.778 심각 [http-nio-8855-exec-116] org.apache.catalina.core.StandardWrapperValve.invoke Servlet.service() for servlet [appServlet] in context with path [] threw exception [Handler dispatch failed; nested exception is java.lang.OutOfMemoryError: Metaspace] with root cause
 java.lang.OutOfMemoryError: Metaspace

06-Dec-2024 09:25:05.266 심각 [http-nio-8855-exec-113] org.apache.catalina.core.StandardWrapperValve.invoke Servlet.service() for servlet [appServlet] in context with path [] threw exception [Handler dispatch failed; nested exception is java.lang.OutOfMemoryError: Metaspace] with root cause
 java.lang.OutOfMemoryError: Metaspace

06-Dec-2024 09:25:09.997 심각 [http-nio-8855-exec-108] org.apache.catalina.core.StandardWrapperValve.invoke Servlet.service() for servlet [appServlet] in context with path [] threw exception [Handler dispatch failed; nested exception is java.lang.OutOfMemoryError: Metaspace] with root cause
 java.lang.OutOfMemoryError: Metaspace

06-Dec-2024 09:31:05.880 심각 [http-nio-8855-exec-111] org.apache.catalina.core.ApplicationDispatcher.invoke Servlet.service() for servlet jsp threw exception
 java.lang.OutOfMemoryError: Metaspace

06-Dec-2024 09:31:06.021 심각 [http-nio-8855-exec-111] org.apache.catalina.core.StandardWrapperValve.invoke Servlet.service() for servlet [appServlet] in context with path [/scm] threw exception [Filter execution threw an exception] with root cause
 java.lang.OutOfMemoryError: Metaspace

06-Dec-2024 09:31:08.911 심각 [http-nio-8855-exec-110] org.apache.catalina.core.ApplicationDispatcher.invoke Servlet.service() for servlet jsp threw exception
 java.lang.OutOfMemoryError: Metaspace

06-Dec-2024 09:31:09.042 심각 [http-nio-8855-exec-110] org.apache.catalina.core.StandardWrapperValve.invoke Servlet.service() for servlet [appServlet] in context with path [/scm] threw exception [Filter execution threw an exception] with root cause
 java.lang.OutOfMemoryError: Metaspace

06-Dec-2024 09:31:11.930 심각 [http-nio-8855-exec-114] org.apache.catalina.core.ApplicationDispatcher.invoke Servlet.service() for servlet jsp threw exception
 java.lang.OutOfMemoryError: Metaspace

06-Dec-2024 09:31:12.046 심각 [http-nio-8855-exec-114] org.apache.catalina.core.StandardWrapperValve.invoke Servlet.service() for servlet [appServlet] in context with path [/scm] threw exception [Filter execution threw an exception] with root cause
 java.lang.OutOfMemoryError: Metaspace

06-Dec-2024 09:31:13.495 심각 [http-nio-8855-exec-112] org.apache.catalina.core.ApplicationDispatcher.invoke Servlet.service() for servlet jsp threw exception
 java.lang.OutOfMemoryError: Metaspace

06-Dec-2024 09:31:13.615 심각 [http-nio-8855-exec-112] org.apache.catalina.core.StandardWrapperValve.invoke Servlet.service() for servlet [appServlet] in context with path [/scm] threw exception [Filter execution threw an exception] with root cause
 java.lang.OutOfMemoryError: Metaspace

06-Dec-2024 09:31:13.912 심각 [http-nio-8855-exec-108] org.apache.catalina.core.StandardWrapperValve.invoke Servlet.service() for servlet [appServlet] in context with path [] threw exception [Handler dispatch failed; nested exception is java.lang.OutOfMemoryError: Metaspace] with root cause
 java.lang.OutOfMemoryError: Metaspace

06-Dec-2024 09:31:24.853 심각 [http-nio-8855-exec-112] org.apache.catalina.core.ApplicationDispatcher.invoke Servlet.service() for servlet jsp threw exception
 java.lang.OutOfMemoryError: Metaspace

06-Dec-2024 09:31:24.973 심각 [http-nio-8855-exec-112] org.apache.catalina.core.StandardWrapperValve.invoke Servlet.service() for servlet [appServlet] in context with path [/scm] threw exception [Filter execution threw an exception] with root cause
 java.lang.OutOfMemoryError: Metaspace

06-Dec-2024 09:31:25.321 심각 [http-nio-8855-exec-107] org.apache.catalina.core.ApplicationDispatcher.invoke Servlet.service() for servlet jsp threw exception
 java.lang.OutOfMemoryError: Metaspace

06-Dec-2024 09:31:25.442 심각 [http-nio-8855-exec-107] org.apache.catalina.core.StandardWrapperValve.invoke Servlet.service() for servlet [appServlet] in context with path [/scm] threw exception [Filter execution threw an exception] with root cause
 java.lang.OutOfMemoryError: Metaspace

06-Dec-2024 09:31:29.283 심각 [http-nio-8855-exec-116] org.apache.catalina.core.ApplicationDispatcher.invoke Servlet.service() for servlet jsp threw exception
 java.lang.OutOfMemoryError: Metaspace

06-Dec-2024 09:31:29.403 심각 [http-nio-8855-exec-116] org.apache.catalina.core.StandardWrapperValve.invoke Servlet.service() for servlet [appServlet] in context with path [/scm] threw exception [Filter execution threw an exception] with root cause
 java.lang.OutOfMemoryError: Metaspace

06-Dec-2024 09:31:47.019 심각 [http-nio-8855-exec-113] org.apache.catalina.core.ApplicationDispatcher.invoke Servlet.service() for servlet jsp threw exception
 java.lang.OutOfMemoryError: Metaspace

06-Dec-2024 09:31:47.139 심각 [http-nio-8855-exec-113] org.apache.catalina.core.StandardWrapperValve.invoke Servlet.service() for servlet [appServlet] in context with path [/scm] threw exception [Filter execution threw an exception] with root cause
 java.lang.OutOfMemoryError: Metaspace

06-Dec-2024 09:31:48.104 심각 [http-nio-8855-exec-108] org.apache.catalina.core.ApplicationDispatcher.invoke Servlet.service() for servlet jsp threw exception
 java.lang.OutOfMemoryError: Metaspace

06-Dec-2024 09:31:48.223 심각 [http-nio-8855-exec-108] org.apache.catalina.core.StandardWrapperValve.invoke Servlet.service() for servlet [appServlet] in context with path [/scm] threw exception [Filter execution threw an exception] with root cause
 java.lang.OutOfMemoryError: Metaspace

06-Dec-2024 09:31:49.165 심각 [http-nio-8855-exec-109] org.apache.catalina.core.ApplicationDispatcher.invoke Servlet.service() for servlet jsp threw exception
 java.lang.OutOfMemoryError: Metaspace

06-Dec-2024 09:31:49.288 심각 [http-nio-8855-exec-109] org.apache.catalina.core.StandardWrapperValve.invoke Servlet.service() for servlet [appServlet] in context with path [/scm] threw exception [Filter execution threw an exception] with root cause
 java.lang.OutOfMemoryError: Metaspace

06-Dec-2024 09:31:51.362 심각 [http-nio-8855-exec-111] org.apache.catalina.core.ApplicationDispatcher.invoke Servlet.service() for servlet jsp threw exception
 java.lang.OutOfMemoryError: Metaspace

06-Dec-2024 09:31:51.495 심각 [http-nio-8855-exec-111] org.apache.catalina.core.StandardWrapperValve.invoke Servlet.service() for servlet [appServlet] in context with path [/scm] threw exception [Filter execution threw an exception] with root cause
 java.lang.OutOfMemoryError: Metaspace

06-Dec-2024 09:31:54.947 심각 [http-nio-8855-exec-110] org.apache.catalina.core.ApplicationDispatcher.invoke Servlet.service() for servlet jsp threw exception
 java.lang.OutOfMemoryError: Metaspace

06-Dec-2024 09:31:55.072 심각 [http-nio-8855-exec-110] org.apache.catalina.core.StandardWrapperValve.invoke Servlet.service() for servlet [appServlet] in context with path [/scm] threw exception [Filter execution threw an exception] with root cause
 java.lang.OutOfMemoryError: Metaspace

06-Dec-2024 09:32:00.351 심각 [http-nio-8855-exec-114] org.apache.catalina.core.ApplicationDispatcher.invoke Servlet.service() for servlet jsp threw exception
 java.lang.OutOfMemoryError: Metaspace

06-Dec-2024 09:32:00.476 심각 [http-nio-8855-exec-114] org.apache.catalina.core.StandardWrapperValve.invoke Servlet.service() for servlet [appServlet] in context with path [/scm] threw exception [Filter execution threw an exception] with root cause
 java.lang.OutOfMemoryError: Metaspace

06-Dec-2024 09:32:01.705 심각 [http-nio-8855-exec-115] org.apache.catalina.core.ApplicationDispatcher.invoke Servlet.service() for servlet jsp threw exception
 java.lang.OutOfMemoryError: Metaspace

06-Dec-2024 09:32:01.850 심각 [http-nio-8855-exec-115] org.apache.catalina.core.StandardWrapperValve.invoke Servlet.service() for servlet [appServlet] in context with path [/scm] threw exception [Filter execution threw an exception] with root cause
 java.lang.OutOfMemoryError: Metaspace

06-Dec-2024 09:32:40.939 심각 [http-nio-8855-exec-107] org.apache.catalina.core.ApplicationDispatcher.invoke Servlet.service() for servlet jsp threw exception
 java.lang.OutOfMemoryError: Metaspace

06-Dec-2024 09:32:41.066 심각 [http-nio-8855-exec-107] org.apache.catalina.core.StandardWrapperValve.invoke Servlet.service() for servlet [appServlet] in context with path [/scm] threw exception [Filter execution threw an exception] with root cause
 java.lang.OutOfMemoryError: Metaspace

06-Dec-2024 09:32:56.139 심각 [http-nio-8855-exec-110] org.apache.tomcat.util.net.NioEndpoint$SocketProcessor.doRun 
 java.lang.OutOfMemoryError: Metaspace

06-Dec-2024 09:33:04.471 심각 [http-nio-8855-exec-114] org.apache.catalina.core.ApplicationDispatcher.invoke Servlet.service() for servlet jsp threw exception
 java.lang.OutOfMemoryError: Metaspace

06-Dec-2024 09:33:04.624 심각 [http-nio-8855-exec-114] org.apache.catalina.core.StandardWrapperValve.invoke Servlet.service() for servlet [appServlet] in context with path [/scm] threw exception [Filter execution threw an exception] with root cause
 java.lang.OutOfMemoryError: Metaspace

06-Dec-2024 09:34:14.322 심각 [http-nio-8855-exec-115] org.apache.catalina.core.ApplicationDispatcher.invoke Servlet.service() for servlet jsp threw exception
 java.lang.OutOfMemoryError: Metaspace

06-Dec-2024 09:34:14.442 심각 [http-nio-8855-exec-115] org.apache.catalina.core.StandardWrapperValve.invoke Servlet.service() for servlet [appServlet] in context with path [/scm] threw exception [Filter execution threw an exception] with root cause
 java.lang.OutOfMemoryError: Metaspace

06-Dec-2024 09:34:15.613 심각 [http-nio-8855-exec-112] org.apache.catalina.core.ApplicationDispatcher.invoke Servlet.service() for servlet jsp threw exception
 java.lang.OutOfMemoryError: Metaspace

06-Dec-2024 09:34:15.735 심각 [http-nio-8855-exec-112] org.apache.catalina.core.StandardWrapperValve.invoke Servlet.service() for servlet [appServlet] in context with path [/scm] threw exception [Filter execution threw an exception] with root cause
 java.lang.OutOfMemoryError: Metaspace

06-Dec-2024 09:35:14.228 심각 [http-nio-8855-exec-109] org.apache.catalina.core.ApplicationDispatcher.invoke Servlet.service() for servlet jsp threw exception
 java.lang.OutOfMemoryError: Metaspace

06-Dec-2024 09:35:14.349 심각 [http-nio-8855-exec-109] org.apache.catalina.core.StandardWrapperValve.invoke Servlet.service() for servlet [appServlet] in context with path [/scm] threw exception [Filter execution threw an exception] with root cause
 java.lang.OutOfMemoryError: Metaspace

06-Dec-2024 09:35:15.182 심각 [http-nio-8855-exec-111] org.apache.catalina.core.ApplicationDispatcher.invoke Servlet.service() for servlet jsp threw exception
 java.lang.OutOfMemoryError: Metaspace

06-Dec-2024 09:35:15.305 심각 [http-nio-8855-exec-111] org.apache.catalina.core.StandardWrapperValve.invoke Servlet.service() for servlet [appServlet] in context with path [/scm] threw exception [Filter execution threw an exception] with root cause
 java.lang.OutOfMemoryError: Metaspace

06-Dec-2024 09:35:40.990 심각 [http-nio-8855-exec-110] org.apache.catalina.core.StandardWrapperValve.invoke Servlet.service() for servlet [appServlet] in context with path [] threw exception [Handler dispatch failed; nested exception is java.lang.OutOfMemoryError: Metaspace] with root cause
 java.lang.OutOfMemoryError: Metaspace

06-Dec-2024 09:35:42.588 심각 [http-nio-8855-exec-114] org.apache.catalina.core.StandardWrapperValve.invoke Servlet.service() for servlet [appServlet] in context with path [] threw exception [Handler dispatch failed; nested exception is java.lang.OutOfMemoryError: Metaspace] with root cause
 java.lang.OutOfMemoryError: Metaspace

06-Dec-2024 09:35:50.482 심각 [http-nio-8855-exec-115] org.apache.catalina.core.StandardWrapperValve.invoke Servlet.service() for servlet [appServlet] in context with path [] threw exception [Handler dispatch failed; nested exception is java.lang.OutOfMemoryError: Metaspace] with root cause
 java.lang.OutOfMemoryError: Metaspace

06-Dec-2024 09:36:30.488 심각 [http-nio-8855-exec-114] org.apache.catalina.core.StandardWrapperValve.invoke Servlet.service() for servlet [appServlet] in context with path [] threw exception [Handler dispatch failed; nested exception is java.lang.OutOfMemoryError: Metaspace] with root cause
 java.lang.OutOfMemoryError: Metaspace

06-Dec-2024 09:38:41.509 정보 [http-nio-8855-exec-116] com.daejist.login.controller.LoginController.logout logout().....
06-Dec-2024 10:41:05.229 심각 [http-nio-8855-exec-114] org.apache.catalina.core.StandardWrapperValve.invoke Servlet.service() for servlet [appServlet] in context with path [] threw exception [Handler dispatch failed; nested exception is java.lang.OutOfMemoryError: Metaspace] with root cause
 java.lang.OutOfMemoryError: Metaspace

06-Dec-2024 10:41:28.558 심각 [http-nio-8855-exec-113] org.apache.catalina.core.StandardWrapperValve.invoke Servlet.service() for servlet [appServlet] in context with path [] threw exception [Handler dispatch failed; nested exception is java.lang.OutOfMemoryError: Metaspace] with root cause
 java.lang.OutOfMemoryError: Metaspace

06-Dec-2024 13:18:00.869 심각 [http-nio-8855-exec-113] org.apache.catalina.core.StandardWrapperValve.invoke Servlet.service() for servlet [appServlet] in context with path [] threw exception [Handler dispatch failed; nested exception is java.lang.OutOfMemoryError: Metaspace] with root cause
 java.lang.OutOfMemoryError: Metaspace

06-Dec-2024 13:19:14.688 심각 [http-nio-8855-exec-107] org.apache.catalina.core.StandardWrapperValve.invoke Servlet.service() for servlet [appServlet] in context with path [] threw exception [Handler dispatch failed; nested exception is java.lang.OutOfMemoryError: Metaspace] with root cause
 java.lang.OutOfMemoryError: Metaspace

06-Dec-2024 14:35:01.139 심각 [http-nio-8855-exec-108] org.apache.catalina.core.StandardWrapperValve.invoke Servlet.service() for servlet [appServlet] in context with path [] threw exception [Handler dispatch failed; nested exception is java.lang.OutOfMemoryError: Metaspace] with root cause
 java.lang.OutOfMemoryError: Metaspace

06-Dec-2024 15:34:08.428 심각 [http-nio-8855-exec-110] org.apache.catalina.core.StandardWrapperValve.invoke Servlet.service() for servlet [appServlet] in context with path [/daejiM] threw exception [Filter execution threw an exception] with root cause
 java.lang.OutOfMemoryError: Metaspace

06-Dec-2024 15:34:15.386 심각 [http-nio-8855-exec-107] org.apache.catalina.core.StandardWrapperValve.invoke Servlet.service() for servlet [appServlet] in context with path [/daejiM] threw exception [Filter execution threw an exception] with root cause
 java.lang.OutOfMemoryError: Metaspace

06-Dec-2024 15:34:18.307 심각 [http-nio-8855-exec-107] org.apache.catalina.core.StandardWrapperValve.invoke Servlet.service() for servlet [appServlet] in context with path [/daejiM] threw exception [Filter execution threw an exception] with root cause
 java.lang.OutOfMemoryError: Metaspace

06-Dec-2024 16:15:24.709 심각 [http-nio-8855-exec-107] org.apache.catalina.core.StandardWrapperValve.invoke Servlet.service() for servlet [appServlet] in context with path [] threw exception [Handler dispatch failed; nested exception is java.lang.OutOfMemoryError: Metaspace] with root cause
 java.lang.OutOfMemoryError: Metaspace

06-Dec-2024 16:33:39.939 심각 [http-nio-8855-exec-111] org.apache.catalina.core.StandardWrapperValve.invoke Servlet.service() for servlet [appServlet] in context with path [] threw exception [Handler dispatch failed; nested exception is java.lang.OutOfMemoryError: Metaspace] with root cause
 java.lang.OutOfMemoryError: Metaspace

06-Dec-2024 16:41:50.376 심각 [http-nio-8855-exec-108] org.apache.catalina.core.StandardWrapperValve.invoke Servlet.service() for servlet [appServlet] in context with path [] threw exception [Handler dispatch failed; nested exception is java.lang.OutOfMemoryError: Metaspace] with root cause
 java.lang.OutOfMemoryError: Metaspace

06-Dec-2024 17:54:28.607 정보 [main] org.apache.catalina.core.StandardServer.await A valid shutdown command was received via the shutdown port. Stopping the Server instance.
06-Dec-2024 17:54:28.608 정보 [main] org.apache.coyote.AbstractProtocol.pause Pausing ProtocolHandler ["http-nio-8855"]
06-Dec-2024 17:54:28.659 정보 [main] org.apache.catalina.core.StandardService.stopInternal Stopping service daejist7
06-Dec-2024 17:54:28.660 정보 [daejist7.cafe24.com-startStop-21] org.apache.catalina.core.ApplicationContext.log Destroying Spring FrameworkServlet 'appServlet'
06-Dec-2024 17:54:29.172 심각 [daejist7-startStop-2] org.apache.catalina.core.ContainerBase.stopInternal A child container failed during stop
 java.util.concurrent.ExecutionException: java.lang.InternalError: linkToTargetMethod=Lambda(a0:L)=>{
    t1:L=MethodHandle.invokeBasic(a0:L);t1:L}
	at java.util.concurrent.FutureTask.report(FutureTask.java:122)
	at java.util.concurrent.FutureTask.get(FutureTask.java:192)
	at org.apache.catalina.core.ContainerBase.stopInternal(ContainerBase.java:999)
	at org.apache.catalina.util.LifecycleBase.stop(LifecycleBase.java:221)
	at org.apache.catalina.core.ContainerBase$StopChild.call(ContainerBase.java:1424)
	at org.apache.catalina.core.ContainerBase$StopChild.call(ContainerBase.java:1413)
	at java.util.concurrent.FutureTask.run(FutureTask.java:266)
	at java.util.concurrent.ThreadPoolExecutor.runWorker(ThreadPoolExecutor.java:1142)
	at java.util.concurrent.ThreadPoolExecutor$Worker.run(ThreadPoolExecutor.java:617)
	at java.lang.Thread.run(Thread.java:745)
Caused by: java.lang.InternalError: linkToTargetMethod=Lambda(a0:L)=>{
    t1:L=MethodHandle.invokeBasic(a0:L);t1:L}
	at java.lang.invoke.MethodHandleStatics.newInternalError(MethodHandleStatics.java:127)
	at java.lang.invoke.LambdaForm.compileToBytecode(LambdaForm.java:660)
	at java.lang.invoke.Invokers.callSiteForm(Invokers.java:381)
	at java.lang.invoke.Invokers.linkToTargetMethod(Invokers.java:347)
	at java.lang.invoke.MethodHandleNatives.linkCallSiteImpl(MethodHandleNatives.java:314)
	at java.lang.invoke.MethodHandleNatives.linkCallSite(MethodHandleNatives.java:297)
	at org.springframework.beans.factory.support.DefaultListableBeanFactory.destroySingletons(DefaultListableBeanFactory.java:1030)
	at org.springframework.context.support.AbstractApplicationContext.destroyBeans(AbstractApplicationContext.java:1057)
	at org.springframework.context.support.AbstractApplicationContext.doClose(AbstractApplicationContext.java:1026)
	at org.springframework.context.support.AbstractApplicationContext.close(AbstractApplicationContext.java:975)
	at org.springframework.web.servlet.FrameworkServlet.destroy(FrameworkServlet.java:865)
	at org.apache.catalina.core.StandardWrapper.unload(StandardWrapper.java:1393)
	at org.apache.catalina.core.StandardWrapper.stopInternal(StandardWrapper.java:1729)
	at org.apache.catalina.util.LifecycleBase.stop(LifecycleBase.java:221)
	at org.apache.catalina.core.StandardContext.stopInternal(StandardContext.java:5532)
	... 7 more
Caused by: java.lang.OutOfMemoryError: Metaspace

06-Dec-2024 17:54:29.174 정보 [daejist7.cafe24.com-startStop-21] org.apache.catalina.core.ApplicationContext.log Destroying Spring FrameworkServlet 'appServlet'
06-Dec-2024 17:54:29.270 정보 [daejist7.cafe24.com-startStop-21] org.apache.catalina.core.ApplicationContext.log Closing Spring root WebApplicationContext
06-Dec-2024 17:54:29.334 경고 [daejist7.cafe24.com-startStop-21] org.apache.catalina.loader.WebappClassLoaderBase.clearReferencesJdbc The web application [exe] registered the JDBC driver [com.microsoft.sqlserver.jdbc.SQLServerDriver] but failed to unregister it when the web application was stopped. To prevent a memory leak, the JDBC Driver has been forcibly unregistered.
06-Dec-2024 17:54:29.339 정보 [daejist7.cafe24.com-startStop-21] org.apache.catalina.core.StandardWrapper.unload Waiting for 3 instance(s) to be deallocated for Servlet [appServlet]
06-Dec-2024 17:54:30.340 정보 [daejist7.cafe24.com-startStop-21] org.apache.catalina.core.StandardWrapper.unload Waiting for 3 instance(s) to be deallocated for Servlet [appServlet]
06-Dec-2024 17:54:31.341 정보 [daejist7.cafe24.com-startStop-21] org.apache.catalina.core.StandardWrapper.unload Waiting for 3 instance(s) to be deallocated for Servlet [appServlet]
06-Dec-2024 17:54:31.441 정보 [daejist7.cafe24.com-startStop-21] org.apache.catalina.core.ApplicationContext.log Destroying Spring FrameworkServlet 'appServlet'
06-Dec-2024 17:54:31.549 정보 [daejist7.cafe24.com-startStop-21] org.apache.catalina.core.ApplicationContext.log Closing Spring root WebApplicationContext
06-Dec-2024 17:54:31.553 경고 [daejist7.cafe24.com-startStop-21] org.apache.catalina.loader.WebappClassLoaderBase.clearReferencesJdbc The web application [scm] registered the JDBC driver [com.microsoft.sqlserver.jdbc.SQLServerDriver] but failed to unregister it when the web application was stopped. To prevent a memory leak, the JDBC Driver has been forcibly unregistered.
06-Dec-2024 17:54:31.558 정보 [daejist7.cafe24.com-startStop-21] org.apache.catalina.core.ApplicationContext.log Destroying Spring FrameworkServlet 'appServlet'
06-Dec-2024 17:54:31.569 정보 [daejist7.cafe24.com-startStop-21] org.apache.catalina.core.ApplicationContext.log Closing Spring root WebApplicationContext
06-Dec-2024 17:54:31.956 경고 [daejist7.cafe24.com-startStop-21] org.apache.catalina.loader.WebappClassLoaderBase.clearReferencesJdbc The web application [daejiM] registered the JDBC driver [com.microsoft.sqlserver.jdbc.SQLServerDriver] but failed to unregister it when the web application was stopped. To prevent a memory leak, the JDBC Driver has been forcibly unregistered.
06-Dec-2024 17:54:31.956 경고 [daejist7.cafe24.com-startStop-21] org.apache.catalina.loader.WebappClassLoaderBase.clearReferencesThreads The web application [daejiM] appears to have started a thread named [SeedGenerator Thread] but has failed to stop it. This is very likely to create a memory leak. Stack trace of thread:
 java.lang.Object.wait(Native Method)
 java.lang.Object.wait(Object.java:502)
 sun.security.provider.SeedGenerator$ThreadedSeedGenerator.run(SeedGenerator.java:334)
 java.lang.Thread.run(Thread.java:745)
06-Dec-2024 17:54:31.959 심각 [main] org.apache.catalina.core.ContainerBase.stopInternal A child container failed during stop
 java.util.concurrent.ExecutionException: org.apache.catalina.LifecycleException: Failed to stop component [StandardEngine[daejist7].StandardHost[daejist7.cafe24.com]]
	at java.util.concurrent.FutureTask.report(FutureTask.java:122)
	at java.util.concurrent.FutureTask.get(FutureTask.java:192)
	at org.apache.catalina.core.ContainerBase.stopInternal(ContainerBase.java:999)
	at org.apache.catalina.util.LifecycleBase.stop(LifecycleBase.java:221)
	at org.apache.catalina.core.StandardService.stopInternal(StandardService.java:502)
	at org.apache.catalina.util.LifecycleBase.stop(LifecycleBase.java:221)
	at org.apache.catalina.core.StandardServer.stopInternal(StandardServer.java:810)
	at org.apache.catalina.util.LifecycleBase.stop(LifecycleBase.java:221)
	at org.apache.catalina.startup.Catalina.stop(Catalina.java:714)
	at org.apache.catalina.startup.Catalina.start(Catalina.java:676)
	at sun.reflect.NativeMethodAccessorImpl.invoke0(Native Method)
	at sun.reflect.NativeMethodAccessorImpl.invoke(NativeMethodAccessorImpl.java:62)
	at sun.reflect.DelegatingMethodAccessorImpl.invoke(DelegatingMethodAccessorImpl.java:43)
	at java.lang.reflect.Method.invoke(Method.java:498)
	at org.apache.catalina.startup.Bootstrap.start(Bootstrap.java:349)
	at org.apache.catalina.startup.Bootstrap.main(Bootstrap.java:483)
Caused by: org.apache.catalina.LifecycleException: Failed to stop component [StandardEngine[daejist7].StandardHost[daejist7.cafe24.com]]
	at org.apache.catalina.util.LifecycleBase.stop(LifecycleBase.java:233)
	at org.apache.catalina.core.ContainerBase$StopChild.call(ContainerBase.java:1424)
	at org.apache.catalina.core.ContainerBase$StopChild.call(ContainerBase.java:1413)
	at java.util.concurrent.FutureTask.run(FutureTask.java:266)
	at java.util.concurrent.ThreadPoolExecutor.runWorker(ThreadPoolExecutor.java:1142)
	at java.util.concurrent.ThreadPoolExecutor$Worker.run(ThreadPoolExecutor.java:617)
	at java.lang.Thread.run(Thread.java:745)
Caused by: org.apache.catalina.LifecycleException: A child container failed during stop
	at org.apache.catalina.core.ContainerBase.stopInternal(ContainerBase.java:1006)
	at org.apache.catalina.util.LifecycleBase.stop(LifecycleBase.java:221)
	... 6 more

06-Dec-2024 17:54:31.959 심각 [main] org.apache.catalina.startup.Catalina.stop Catalina.stop
 org.apache.catalina.LifecycleException: Failed to stop component [StandardServer[8856]]
	at org.apache.catalina.util.LifecycleBase.stop(LifecycleBase.java:233)
	at org.apache.catalina.startup.Catalina.stop(Catalina.java:714)
	at org.apache.catalina.startup.Catalina.start(Catalina.java:676)
	at sun.reflect.NativeMethodAccessorImpl.invoke0(Native Method)
	at sun.reflect.NativeMethodAccessorImpl.invoke(NativeMethodAccessorImpl.java:62)
	at sun.reflect.DelegatingMethodAccessorImpl.invoke(DelegatingMethodAccessorImpl.java:43)
	at java.lang.reflect.Method.invoke(Method.java:498)
	at org.apache.catalina.startup.Bootstrap.start(Bootstrap.java:349)
	at org.apache.catalina.startup.Bootstrap.main(Bootstrap.java:483)
Caused by: org.apache.catalina.LifecycleException: Failed to stop component [StandardService[daejist7]]
	at org.apache.catalina.util.LifecycleBase.stop(LifecycleBase.java:233)
	at org.apache.catalina.core.StandardServer.stopInternal(StandardServer.java:810)
	at org.apache.catalina.util.LifecycleBase.stop(LifecycleBase.java:221)
	... 8 more
Caused by: org.apache.catalina.LifecycleException: Failed to stop component [StandardEngine[daejist7]]
	at org.apache.catalina.util.LifecycleBase.stop(LifecycleBase.java:233)
	at org.apache.catalina.core.StandardService.stopInternal(StandardService.java:502)
	at org.apache.catalina.util.LifecycleBase.stop(LifecycleBase.java:221)
	... 10 more
Caused by: org.apache.catalina.LifecycleException: A child container failed during stop
	at org.apache.catalina.core.ContainerBase.stopInternal(ContainerBase.java:1006)
	at org.apache.catalina.util.LifecycleBase.stop(LifecycleBase.java:221)
	... 12 more

06-Dec-2024 17:54:37.620 정보 [main] org.apache.catalina.core.AprLifecycleListener.lifecycleEvent The APR based Apache Tomcat Native library which allows optimal performance in production environments was not found on the java.library.path: :/usr/local/mysql/lib:/usr/java/packages/lib/amd64:/usr/lib64:/lib64:/lib:/usr/lib
06-Dec-2024 17:54:37.882 정보 [main] org.apache.coyote.AbstractProtocol.init Initializing ProtocolHandler ["http-nio-8855"]
06-Dec-2024 17:54:37.895 정보 [main] org.apache.tomcat.util.net.NioSelectorPool.getSharedSelector Using a shared selector for servlet write/read
06-Dec-2024 17:54:37.898 정보 [main] org.apache.catalina.startup.Catalina.load Initialization processed in 465 ms
06-Dec-2024 17:54:37.912 정보 [main] org.apache.catalina.core.StandardService.startInternal Starting service daejist7
06-Dec-2024 17:54:37.912 정보 [main] org.apache.catalina.core.StandardEngine.startInternal Starting Servlet Engine: Apache Tomcat/8.0.50
06-Dec-2024 17:54:37.928 정보 [daejist7.cafe24.com-startStop-1] org.apache.catalina.startup.HostConfig.deployWAR Deploying web application archive /daejist7/tomcat/webapps/daejiM.war
06-Dec-2024 17:54:40.377 정보 [daejist7.cafe24.com-startStop-1] org.apache.jasper.servlet.TldScanner.scanJars At least one JAR was scanned for TLDs yet contained no TLDs. Enable debug logging for this logger for a complete list of JARs that were scanned but no TLDs were found in them. Skipping unneeded JARs during scanning can improve startup time and JSP compilation time.
06-Dec-2024 17:54:40.390 정보 [daejist7.cafe24.com-startStop-1] org.apache.catalina.core.ApplicationContext.log No Spring WebApplicationInitializer types detected on classpath
06-Dec-2024 17:54:40.397 정보 [daejist7.cafe24.com-startStop-1] org.apache.catalina.core.ApplicationContext.log Initializing Spring root WebApplicationContext
06-Dec-2024 17:54:46.319 정보 [daejist7.cafe24.com-startStop-1] org.apache.catalina.core.ApplicationContext.log Initializing Spring DispatcherServlet 'appServlet'
06-Dec-2024 17:54:46.751 정보 [daejist7.cafe24.com-startStop-1] org.apache.catalina.startup.HostConfig.deployWAR Deployment of web application archive /daejist7/tomcat/webapps/daejiM.war has finished in 8,822 ms
06-Dec-2024 17:54:46.754 정보 [daejist7.cafe24.com-startStop-1] org.apache.catalina.startup.HostConfig.deployWAR Deploying web application archive /daejist7/tomcat/webapps/scm.war
06-Dec-2024 17:54:48.649 정보 [daejist7.cafe24.com-startStop-1] org.apache.jasper.servlet.TldScanner.scanJars At least one JAR was scanned for TLDs yet contained no TLDs. Enable debug logging for this logger for a complete list of JARs that were scanned but no TLDs were found in them. Skipping unneeded JARs during scanning can improve startup time and JSP compilation time.
06-Dec-2024 17:54:48.652 정보 [daejist7.cafe24.com-startStop-1] org.apache.catalina.core.ApplicationContext.log No Spring WebApplicationInitializer types detected on classpath
06-Dec-2024 17:54:48.657 정보 [daejist7.cafe24.com-startStop-1] org.apache.catalina.core.ApplicationContext.log Initializing Spring root WebApplicationContext
06-Dec-2024 17:54:49.226 정보 [daejist7.cafe24.com-startStop-1] org.apache.catalina.core.ApplicationContext.log Initializing Spring DispatcherServlet 'appServlet'
06-Dec-2024 17:54:49.525 정보 [daejist7.cafe24.com-startStop-1] org.apache.catalina.startup.HostConfig.deployWAR Deployment of web application archive /daejist7/tomcat/webapps/scm.war has finished in 2,771 ms
06-Dec-2024 17:54:49.529 정보 [daejist7.cafe24.com-startStop-1] org.apache.catalina.startup.HostConfig.deployWAR Deploying web application archive /daejist7/tomcat/webapps/ROOT.war
06-Dec-2024 17:54:50.484 정보 [daejist7.cafe24.com-startStop-1] org.apache.jasper.servlet.TldScanner.scanJars At least one JAR was scanned for TLDs yet contained no TLDs. Enable debug logging for this logger for a complete list of JARs that were scanned but no TLDs were found in them. Skipping unneeded JARs during scanning can improve startup time and JSP compilation time.
06-Dec-2024 17:54:50.486 정보 [daejist7.cafe24.com-startStop-1] org.apache.catalina.core.ApplicationContext.log No Spring WebApplicationInitializer types detected on classpath
06-Dec-2024 17:54:50.490 정보 [daejist7.cafe24.com-startStop-1] org.apache.catalina.core.ApplicationContext.log Initializing Spring root WebApplicationContext
06-Dec-2024 17:54:50.829 정보 [daejist7.cafe24.com-startStop-1] org.apache.catalina.core.ApplicationContext.log Initializing Spring DispatcherServlet 'appServlet'
06-Dec-2024 17:54:51.221 정보 [daejist7.cafe24.com-startStop-1] org.apache.catalina.startup.HostConfig.deployWAR Deployment of web application archive /daejist7/tomcat/webapps/ROOT.war has finished in 1,692 ms
06-Dec-2024 17:54:51.227 정보 [daejist7.cafe24.com-startStop-1] org.apache.catalina.startup.HostConfig.deployWAR Deploying web application archive /daejist7/tomcat/webapps/exe.war
06-Dec-2024 17:54:52.145 정보 [daejist7.cafe24.com-startStop-1] org.apache.jasper.servlet.TldScanner.scanJars At least one JAR was scanned for TLDs yet contained no TLDs. Enable debug logging for this logger for a complete list of JARs that were scanned but no TLDs were found in them. Skipping unneeded JARs during scanning can improve startup time and JSP compilation time.
06-Dec-2024 17:54:52.146 정보 [daejist7.cafe24.com-startStop-1] org.apache.catalina.core.ApplicationContext.log No Spring WebApplicationInitializer types detected on classpath
06-Dec-2024 17:54:52.176 정보 [daejist7.cafe24.com-startStop-1] org.apache.catalina.core.ApplicationContext.log Initializing Spring root WebApplicationContext
06-Dec-2024 17:54:52.600 정보 [daejist7.cafe24.com-startStop-1] org.apache.catalina.core.ApplicationContext.log Initializing Spring FrameworkServlet 'appServlet'
06-Dec-2024 17:54:52.968 정보 [daejist7.cafe24.com-startStop-1] org.apache.catalina.startup.HostConfig.deployWAR Deployment of web application archive /daejist7/tomcat/webapps/exe.war has finished in 1,741 ms
06-Dec-2024 17:54:52.968 정보 [daejist7.cafe24.com-startStop-1] org.apache.catalina.startup.HostConfig.deployDirectory Deploying web application directory /daejist7/tomcat/webapps/host-manager
06-Dec-2024 17:54:53.083 정보 [daejist7.cafe24.com-startStop-1] org.apache.jasper.servlet.TldScanner.scanJars At least one JAR was scanned for TLDs yet contained no TLDs. Enable debug logging for this logger for a complete list of JARs that were scanned but no TLDs were found in them. Skipping unneeded JARs during scanning can improve startup time and JSP compilation time.
06-Dec-2024 17:54:53.085 정보 [daejist7.cafe24.com-startStop-1] org.apache.catalina.startup.HostConfig.deployDirectory Deployment of web application directory /daejist7/tomcat/webapps/host-manager has finished in 117 ms
06-Dec-2024 17:54:53.085 정보 [daejist7.cafe24.com-startStop-1] org.apache.catalina.startup.HostConfig.deployDirectory Deploying web application directory /daejist7/tomcat/webapps/manager
06-Dec-2024 17:54:53.192 정보 [daejist7.cafe24.com-startStop-1] org.apache.jasper.servlet.TldScanner.scanJars At least one JAR was scanned for TLDs yet contained no TLDs. Enable debug logging for this logger for a complete list of JARs that were scanned but no TLDs were found in them. Skipping unneeded JARs during scanning can improve startup time and JSP compilation time.
06-Dec-2024 17:54:53.193 정보 [daejist7.cafe24.com-startStop-1] org.apache.catalina.startup.HostConfig.deployDirectory Deployment of web application directory /daejist7/tomcat/webapps/manager has finished in 108 ms
06-Dec-2024 17:54:53.195 정보 [main] org.apache.coyote.AbstractProtocol.start Starting ProtocolHandler ["http-nio-8855"]
06-Dec-2024 17:54:53.199 정보 [main] org.apache.catalina.startup.Catalina.start Server startup in 15300 ms
06-Dec-2024 17:54:53.254 정보 [http-nio-8855-exec-1] com.daejist.login.controller.LoginController.logout logout().....
06-Dec-2024 17:54:53.254 정보 [http-nio-8855-exec-2] com.daejist.login.controller.LoginController.logout logout().....
06-Dec-2024 18:02:09.687 정보 [http-nio-8855-exec-4] com.daejist.login.controller.LoginController.logout logout().....
