24-Mar-2024 00:38:03.198 경고 [http-nio-8855-exec-98] org.apache.catalina.realm.LockOutRealm.filterLockedAccounts An attempt was made to authenticate the locked user "tomcat"
24-Mar-2024 00:38:03.584 경고 [http-nio-8855-exec-100] org.apache.catalina.realm.LockOutRealm.filterLockedAccounts An attempt was made to authenticate the locked user "tomcat"
24-Mar-2024 01:07:24.342 경고 [http-nio-8855-exec-99] org.apache.catalina.realm.LockOutRealm.filterLockedAccounts An attempt was made to authenticate the locked user "tomcat"
24-Mar-2024 01:07:24.377 경고 [http-nio-8855-exec-91] org.apache.catalina.realm.LockOutRealm.filterLockedAccounts An attempt was made to authenticate the locked user "tomcat"
24-Mar-2024 01:36:11.877 경고 [http-nio-8855-exec-95] org.apache.catalina.realm.LockOutRealm.filterLockedAccounts An attempt was made to authenticate the locked user "tomcat"
24-Mar-2024 01:36:11.883 경고 [http-nio-8855-exec-93] org.apache.catalina.realm.LockOutRealm.filterLockedAccounts An attempt was made to authenticate the locked user "tomcat"
24-Mar-2024 02:04:15.783 경고 [http-nio-8855-exec-91] org.apache.catalina.realm.LockOutRealm.filterLockedAccounts An attempt was made to authenticate the locked user "tomcat"
24-Mar-2024 02:04:15.796 경고 [http-nio-8855-exec-97] org.apache.catalina.realm.LockOutRealm.filterLockedAccounts An attempt was made to authenticate the locked user "tomcat"
24-Mar-2024 02:32:12.782 경고 [http-nio-8855-exec-96] org.apache.catalina.realm.LockOutRealm.filterLockedAccounts An attempt was made to authenticate the locked user "tomcat"
24-Mar-2024 02:32:12.784 경고 [http-nio-8855-exec-99] org.apache.catalina.realm.LockOutRealm.filterLockedAccounts An attempt was made to authenticate the locked user "tomcat"
24-Mar-2024 03:28:17.968 경고 [http-nio-8855-exec-100] org.apache.catalina.realm.LockOutRealm.filterLockedAccounts An attempt was made to authenticate the locked user "tomcat"
24-Mar-2024 03:28:18.036 경고 [http-nio-8855-exec-95] org.apache.catalina.realm.LockOutRealm.filterLockedAccounts An attempt was made to authenticate the locked user "tomcat"
24-Mar-2024 03:55:49.565 경고 [http-nio-8855-exec-96] org.apache.catalina.realm.LockOutRealm.filterLockedAccounts An attempt was made to authenticate the locked user "admin"
24-Mar-2024 03:55:49.589 경고 [http-nio-8855-exec-99] org.apache.catalina.realm.LockOutRealm.filterLockedAccounts An attempt was made to authenticate the locked user "admin"
24-Mar-2024 05:04:03.294 경고 [http-nio-8855-exec-96] org.apache.catalina.realm.LockOutRealm.filterLockedAccounts An attempt was made to authenticate the locked user "admin"
24-Mar-2024 05:04:03.326 경고 [http-nio-8855-exec-99] org.apache.catalina.realm.LockOutRealm.filterLockedAccounts An attempt was made to authenticate the locked user "admin"
24-Mar-2024 05:44:40.690 경고 [http-nio-8855-exec-100] org.apache.catalina.realm.LockOutRealm.filterLockedAccounts An attempt was made to authenticate the locked user "admin"
24-Mar-2024 05:44:40.704 경고 [http-nio-8855-exec-95] org.apache.catalina.realm.LockOutRealm.filterLockedAccounts An attempt was made to authenticate the locked user "admin"
24-Mar-2024 06:11:47.354 경고 [http-nio-8855-exec-91] org.apache.catalina.realm.LockOutRealm.filterLockedAccounts An attempt was made to authenticate the locked user "admin"
24-Mar-2024 06:11:47.382 경고 [http-nio-8855-exec-97] org.apache.catalina.realm.LockOutRealm.filterLockedAccounts An attempt was made to authenticate the locked user "admin"
24-Mar-2024 07:34:56.272 경고 [http-nio-8855-exec-93] org.apache.catalina.realm.LockOutRealm.filterLockedAccounts An attempt was made to authenticate the locked user "admin"
24-Mar-2024 07:34:56.313 경고 [http-nio-8855-exec-92] org.apache.catalina.realm.LockOutRealm.filterLockedAccounts An attempt was made to authenticate the locked user "admin"
24-Mar-2024 08:31:55.182 경고 [http-nio-8855-exec-98] org.apache.catalina.realm.LockOutRealm.filterLockedAccounts An attempt was made to authenticate the locked user "admin"
24-Mar-2024 08:31:55.185 경고 [http-nio-8855-exec-94] org.apache.catalina.realm.LockOutRealm.filterLockedAccounts An attempt was made to authenticate the locked user "admin"
24-Mar-2024 09:29:19.110 경고 [http-nio-8855-exec-99] org.apache.catalina.realm.LockOutRealm.filterLockedAccounts An attempt was made to authenticate the locked user "admin"
24-Mar-2024 09:29:19.150 경고 [http-nio-8855-exec-91] org.apache.catalina.realm.LockOutRealm.filterLockedAccounts An attempt was made to authenticate the locked user "admin"
24-Mar-2024 09:57:07.294 경고 [http-nio-8855-exec-93] org.apache.catalina.realm.LockOutRealm.filterLockedAccounts An attempt was made to authenticate the locked user "admin"
24-Mar-2024 09:57:07.311 경고 [http-nio-8855-exec-92] org.apache.catalina.realm.LockOutRealm.filterLockedAccounts An attempt was made to authenticate the locked user "admin"
24-Mar-2024 10:53:42.205 경고 [http-nio-8855-exec-98] org.apache.catalina.realm.LockOutRealm.filterLockedAccounts An attempt was made to authenticate the locked user "admin"
24-Mar-2024 10:53:42.217 경고 [http-nio-8855-exec-94] org.apache.catalina.realm.LockOutRealm.filterLockedAccounts An attempt was made to authenticate the locked user "admin"
24-Mar-2024 12:04:22.651 경고 [http-nio-8855-exec-96] org.apache.catalina.realm.LockOutRealm.filterLockedAccounts An attempt was made to authenticate the locked user "admin"
24-Mar-2024 12:04:22.665 경고 [http-nio-8855-exec-99] org.apache.catalina.realm.LockOutRealm.filterLockedAccounts An attempt was made to authenticate the locked user "admin"
24-Mar-2024 13:15:37.526 경고 [http-nio-8855-exec-93] org.apache.catalina.realm.LockOutRealm.filterLockedAccounts An attempt was made to authenticate the locked user "root"
24-Mar-2024 13:15:37.572 경고 [http-nio-8855-exec-92] org.apache.catalina.realm.LockOutRealm.filterLockedAccounts An attempt was made to authenticate the locked user "root"
24-Mar-2024 13:59:33.688 경고 [http-nio-8855-exec-98] org.apache.catalina.realm.LockOutRealm.filterLockedAccounts An attempt was made to authenticate the locked user "root"
24-Mar-2024 13:59:33.723 경고 [http-nio-8855-exec-94] org.apache.catalina.realm.LockOutRealm.filterLockedAccounts An attempt was made to authenticate the locked user "root"
24-Mar-2024 14:58:23.676 경고 [http-nio-8855-exec-96] org.apache.catalina.realm.LockOutRealm.filterLockedAccounts An attempt was made to authenticate the locked user "root"
24-Mar-2024 14:58:23.677 경고 [http-nio-8855-exec-99] org.apache.catalina.realm.LockOutRealm.filterLockedAccounts An attempt was made to authenticate the locked user "root"
24-Mar-2024 14:58:23.708 경고 [http-nio-8855-exec-91] org.apache.catalina.realm.LockOutRealm.filterLockedAccounts An attempt was made to authenticate the locked user "root"
24-Mar-2024 15:55:55.888 경고 [http-nio-8855-exec-92] org.apache.catalina.realm.LockOutRealm.filterLockedAccounts An attempt was made to authenticate the locked user "root"
24-Mar-2024 15:55:55.920 경고 [http-nio-8855-exec-96] org.apache.catalina.realm.LockOutRealm.filterLockedAccounts An attempt was made to authenticate the locked user "root"
24-Mar-2024 16:24:03.448 경고 [http-nio-8855-exec-94] org.apache.catalina.realm.LockOutRealm.filterLockedAccounts An attempt was made to authenticate the locked user "root"
24-Mar-2024 16:24:03.479 경고 [http-nio-8855-exec-100] org.apache.catalina.realm.LockOutRealm.filterLockedAccounts An attempt was made to authenticate the locked user "root"
24-Mar-2024 17:03:56.400 정보 [http-nio-8855-exec-99] org.apache.coyote.http11.AbstractHttp11Processor.process Error parsing HTTP request header
 Note: further occurrences of HTTP header parsing errors will be logged at DEBUG level.
 java.lang.IllegalArgumentException: Invalid character found in method name. HTTP method names must be tokens
	at org.apache.coyote.http11.AbstractNioInputBuffer.parseRequestLine(AbstractNioInputBuffer.java:235)
	at org.apache.coyote.http11.AbstractHttp11Processor.process(AbstractHttp11Processor.java:1045)
	at org.apache.coyote.AbstractProtocol$AbstractConnectionHandler.process(AbstractProtocol.java:684)
	at org.apache.tomcat.util.net.NioEndpoint$SocketProcessor.doRun(NioEndpoint.java:1539)
	at org.apache.tomcat.util.net.NioEndpoint$SocketProcessor.run(NioEndpoint.java:1495)
	at java.util.concurrent.ThreadPoolExecutor.runWorker(ThreadPoolExecutor.java:1142)
	at java.util.concurrent.ThreadPoolExecutor$Worker.run(ThreadPoolExecutor.java:617)
	at org.apache.tomcat.util.threads.TaskThread$WrappingRunnable.run(TaskThread.java:61)
	at java.lang.Thread.run(Thread.java:745)

24-Mar-2024 17:20:39.636 경고 [http-nio-8855-exec-94] org.apache.catalina.realm.LockOutRealm.filterLockedAccounts An attempt was made to authenticate the locked user "root"
24-Mar-2024 17:20:39.636 경고 [http-nio-8855-exec-98] org.apache.catalina.realm.LockOutRealm.filterLockedAccounts An attempt was made to authenticate the locked user "root"
24-Mar-2024 18:03:56.269 경고 [http-nio-8855-exec-91] org.apache.catalina.realm.LockOutRealm.filterLockedAccounts An attempt was made to authenticate the locked user "root"
24-Mar-2024 18:03:56.299 경고 [http-nio-8855-exec-97] org.apache.catalina.realm.LockOutRealm.filterLockedAccounts An attempt was made to authenticate the locked user "root"
24-Mar-2024 18:32:22.081 경고 [http-nio-8855-exec-93] org.apache.catalina.realm.LockOutRealm.filterLockedAccounts An attempt was made to authenticate the locked user "root"
24-Mar-2024 18:32:22.457 경고 [http-nio-8855-exec-92] org.apache.catalina.realm.LockOutRealm.filterLockedAccounts An attempt was made to authenticate the locked user "root"
24-Mar-2024 19:29:06.823 경고 [http-nio-8855-exec-94] org.apache.catalina.realm.LockOutRealm.filterLockedAccounts An attempt was made to authenticate the locked user "root"
24-Mar-2024 19:29:06.861 경고 [http-nio-8855-exec-98] org.apache.catalina.realm.LockOutRealm.filterLockedAccounts An attempt was made to authenticate the locked user "root"
24-Mar-2024 19:57:25.726 경고 [http-nio-8855-exec-96] org.apache.catalina.realm.LockOutRealm.filterLockedAccounts An attempt was made to authenticate the locked user "root"
24-Mar-2024 19:57:25.760 경고 [http-nio-8855-exec-99] org.apache.catalina.realm.LockOutRealm.filterLockedAccounts An attempt was made to authenticate the locked user "root"
24-Mar-2024 20:38:34.366 경고 [http-nio-8855-exec-100] org.apache.catalina.realm.LockOutRealm.filterLockedAccounts An attempt was made to authenticate the locked user "root"
24-Mar-2024 20:38:34.376 경고 [http-nio-8855-exec-95] org.apache.catalina.realm.LockOutRealm.filterLockedAccounts An attempt was made to authenticate the locked user "root"
24-Mar-2024 21:05:57.912 경고 [http-nio-8855-exec-91] org.apache.catalina.realm.LockOutRealm.filterLockedAccounts An attempt was made to authenticate the locked user "manager"
24-Mar-2024 21:05:57.929 경고 [http-nio-8855-exec-97] org.apache.catalina.realm.LockOutRealm.filterLockedAccounts An attempt was made to authenticate the locked user "manager"
24-Mar-2024 21:33:21.286 경고 [http-nio-8855-exec-93] org.apache.catalina.realm.LockOutRealm.filterLockedAccounts An attempt was made to authenticate the locked user "manager"
24-Mar-2024 21:33:21.384 경고 [http-nio-8855-exec-92] org.apache.catalina.realm.LockOutRealm.filterLockedAccounts An attempt was made to authenticate the locked user "manager"
24-Mar-2024 22:01:27.843 경고 [http-nio-8855-exec-94] org.apache.catalina.realm.LockOutRealm.filterLockedAccounts An attempt was made to authenticate the locked user "manager"
24-Mar-2024 22:01:27.880 경고 [http-nio-8855-exec-98] org.apache.catalina.realm.LockOutRealm.filterLockedAccounts An attempt was made to authenticate the locked user "manager"
24-Mar-2024 22:29:44.382 경고 [http-nio-8855-exec-96] org.apache.catalina.realm.LockOutRealm.filterLockedAccounts An attempt was made to authenticate the locked user "manager"
24-Mar-2024 22:29:44.400 경고 [http-nio-8855-exec-99] org.apache.catalina.realm.LockOutRealm.filterLockedAccounts An attempt was made to authenticate the locked user "manager"
24-Mar-2024 23:42:13.559 경고 [http-nio-8855-exec-93] org.apache.catalina.realm.LockOutRealm.filterLockedAccounts An attempt was made to authenticate the locked user "manager"
24-Mar-2024 23:42:13.584 경고 [http-nio-8855-exec-92] org.apache.catalina.realm.LockOutRealm.filterLockedAccounts An attempt was made to authenticate the locked user "manager"
